<html>
<body>
<pre>
<h1>µVision Build Log</h1>
<h2>Project:</h2>
K:\git_project\LPC1768\2.Decoder_v1.1.4_20160503\Decoder\Decoder.uvproj
Project File Date:  05/03/2016

<h2>Output:</h2>
 
*** Rebuild Pass #1 with Cross-Module Feedback - 'Clean' invoked.
Clean started: Project: 'Decoder'
   deleting intermediate output files for target 'MCB1700'
Rebuild target 'MCB1700'
custom translating Web.inp...
Custom: C:\Keil\ARM\bin\fcarm @Web\Web.inp
FCARM FILE CONVERTER V2.33
Completed 10 File(s), Ratio 94%
assembling startup_LPC17xx.s...
compiling Decoder.c...
compiling HTTP_CGI.c...
compiling Web.c...
compiling ring.c...
compiling Net_Config.c...
compiling system_LPC17xx.c...
compiling EMAC_LPC17xx.c...
compiling timer.c...
compiling wdt.c...
compiling gpio.c...
compiling uart.c...
compiling adc.c...
compiling iap.c...
compiling dma.c...
compiling i2s.c...
linking...
Program Size: Code=37060 RO-data=69988 RW-data=388 ZI-data=28708  
".\Obj\Decoder.axf" - 0 Error(s), 0 Warning(s).
 
*** Rebuild Pass #2 with Cross-Module Feedback invoked.
Rebuild target 'MCB1700'
custom translating Web.inp...
Custom: C:\Keil\ARM\bin\fcarm @Web\Web.inp
FCARM FILE CONVERTER V2.33
Completed 10 File(s), Ratio 94%
assembling startup_LPC17xx.s...
compiling Decoder.c...
compiling HTTP_CGI.c...
compiling Web.c...
compiling ring.c...
compiling Net_Config.c...
compiling system_LPC17xx.c...
compiling EMAC_LPC17xx.c...
compiling timer.c...
compiling wdt.c...
compiling gpio.c...
compiling uart.c...
compiling adc.c...
compiling iap.c...
compiling dma.c...
compiling i2s.c...
linking...
Program Size: Code=36780 RO-data=69988 RW-data=388 ZI-data=28708  
FromELF: creating hex file...
".\Obj\Decoder.axf" - 0 Error(s), 0 Warning(s).
