<html>
<body>
<pre>
<h1>礦ision Build Log</h1>
<h2>Project:</h2>
F:\项目\已完成\路虎LPC1768 开发板光盘资料\单片机网络解码器\2.Decoder_v1.1_20150701_wav\Decoder\Decoder.uvproj
Project File Date:  01/06/2016

<h2>Output:</h2>
Rebuild target 'MCB1700'
Clean started - Project: 'Decoder'
   deleting intermediate output files for target 'MCB1700'
custom translating Web.inp...
Custom: C:\Keil\ARM\bin\fcarm @Web\Web.inp
FCARM FILE CONVERTER V2.50
Completed 10 File(s), Ratio 94%
assembling startup_LPC17xx.s...
compiling Decoder.c...
compiling HTTP_CGI.c...
compiling Web.c...
compiling ring.c...
compiling Net_Config.c...
compiling system_LPC17xx.c...
compiling EMAC_LPC17xx.c...
compiling timer.c...
compiling wdt.c...
compiling gpio.c...
compiling uart.c...
compiling adc.c...
compiling iap.c...
compiling dma.c...
compiling i2s.c...
linking...
Program Size: Code=38436 RO-data=70052 RW-data=320 ZI-data=29168  
".\Obj\Decoder.axf" - 0 Error(s), 0 Warning(s).

*** Performing Cross-Module-Optimization:
compiling Decoder.c...
compiling Net_Config.c...
compiling system_LPC17xx.c...
compiling EMAC_LPC17xx.c...
compiling timer.c...
compiling wdt.c...
compiling gpio.c...
compiling uart.c...
compiling adc.c...
compiling iap.c...
compiling dma.c...
compiling i2s.c...
linking...
Program Size: Code=38152 RO-data=70052 RW-data=320 ZI-data=29168  
compiling Decoder.c...
compiling Net_Config.c...
compiling system_LPC17xx.c...
compiling EMAC_LPC17xx.c...
compiling timer.c...
compiling wdt.c...
compiling gpio.c...
compiling uart.c...
compiling adc.c...
compiling iap.c...
compiling dma.c...
compiling i2s.c...
linking...
Program Size: Code=38152 RO-data=70052 RW-data=320 ZI-data=29168  
FromELF: creating hex file...
".\Obj\Decoder.axf" - 0 Error(s), 0 Warning(s).
*** Completed Cross-Module-Optimization after 3 iteration(s).
</pre>
</body>
</html>
