ARM Linker, 5.02 [Build 28] [MDK-ARM Standard][RL-ARM]

==============================================================================

Section Cross References

    startup_lpc17xx.o(STACK) refers (Special) to heapauxi.o(.text) for __use_two_region_memory
    startup_lpc17xx.o(HEAP) refers (Special) to heapauxi.o(.text) for __use_two_region_memory
    startup_lpc17xx.o(RESET) refers (Special) to heapauxi.o(.text) for __use_two_region_memory
    startup_lpc17xx.o(RESET) refers to startup_lpc17xx.o(STACK) for __initial_sp
    startup_lpc17xx.o(RESET) refers to startup_lpc17xx.o(.text) for Reset_Handler
    startup_lpc17xx.o(RESET) refers to timer.o(.text) for HardFault_Handler
    startup_lpc17xx.o(RESET) refers to decoder.o(.text) for SysTick_Handler
    startup_lpc17xx.o(RESET) refers to wdt.o(.text) for WDT_IRQHandler
    startup_lpc17xx.o(RESET) refers to dma.o(.text) for DMA_IRQHandler
    startup_lpc17xx.o(RESET) refers to emac_lpc17xx.o(.text) for ENET_IRQHandler
    startup_lpc17xx.o(.ARM.__at_0x02FC) refers (Special) to heapauxi.o(.text) for __use_two_region_memory
    startup_lpc17xx.o(.text) refers (Special) to heapauxi.o(.text) for __use_two_region_memory
    startup_lpc17xx.o(.text) refers to __main.o(!!!main) for __main
    startup_lpc17xx.o(.text) refers to startup_lpc17xx.o(HEAP) for Heap_Mem
    startup_lpc17xx.o(.text) refers to startup_lpc17xx.o(STACK) for Stack_Mem
    decoder.o(.text) refers to _scanf_int.o(.text) for _scanf_int
    decoder.o(.text) refers to _printf_percent.o(.ARM.Collect$$_printf_percent$$00000000) for _printf_percent
    decoder.o(.text) refers to _printf_d.o(.ARM.Collect$$_printf_percent$$00000009) for _printf_d
    decoder.o(.text) refers to _printf_dec.o(.text) for _printf_int_dec
    decoder.o(.text) refers to at_system.o(i.timer_tick) for timer_tick
    decoder.o(.text) refers to at_udp.o(i.udp_get_buf) for udp_get_buf
    decoder.o(.text) refers to rt_memcpy_v6.o(.text) for __aeabi_memcpy
    decoder.o(.text) refers to at_udp.o(i.udp_send) for udp_send
    decoder.o(.text) refers to at_tcp.o(i.tcp_get_state) for tcp_get_state
    decoder.o(.text) refers to at_tcp.o(i.tcp_connect) for tcp_connect
    decoder.o(.text) refers to at_tcp.o(i.tcp_check_send) for tcp_check_send
    decoder.o(.text) refers to at_tcp.o(i.tcp_get_buf) for tcp_get_buf
    decoder.o(.text) refers to at_tcp.o(i.tcp_send) for tcp_send
    decoder.o(.text) refers to gpio.o(.text) for AlarmStart
    decoder.o(.text) refers to timer.o(.text) for disTimer
    decoder.o(.text) refers to i2s.o(.text) for disAudio
    decoder.o(.text) refers to rt_memclr_w.o(.text) for __aeabi_memclr4
    decoder.o(.text) refers to rt_memcpy_w.o(.text) for __aeabi_memcpy4
    decoder.o(.text) refers to dma.o(.text) for DMAConfig
    decoder.o(.text) refers to decoder.o(.data) for msTick
    decoder.o(.text) refers to adc.o(.bss) for indoor
    decoder.o(.text) refers to adc.o(.data) for EMERG1
    decoder.o(.text) refers to decoder.o(.bss) for tcpbuf
    decoder.o(.text) refers to timer.o(.data) for video
    decoder.o(.text) refers to i2s.o(.data) for AudioFlag
    decoder.o(.text) refers to at_tcp.o(i.tcp_close) for tcp_close
    decoder.o(.text) refers to __0sscanf.o(.text) for __0sscanf
    decoder.o(.text) refers to rt_memclr.o(.text) for __aeabi_memclr
    decoder.o(.text) refers to strchr.o(.text) for strchr
    decoder.o(.text) refers to strlen.o(.text) for strlen
    decoder.o(.text) refers to iap.o(.text) for refresh_update
    decoder.o(.text) refers to system_lpc17xx.o(.text) for SystemInit
    decoder.o(.text) refers to uart.o(.text) for UARTInit
    decoder.o(.text) refers to adc.o(.text) for ADCInit
    decoder.o(.text) refers to at_system.o(i.init_TcpNet) for init_TcpNet
    decoder.o(.text) refers to at_udp.o(i.udp_get_socket) for udp_get_socket
    decoder.o(.text) refers to at_udp.o(i.udp_open) for udp_open
    decoder.o(.text) refers to at_tcp.o(i.tcp_get_socket) for tcp_get_socket
    decoder.o(.text) refers to at_tcp.o(i.tcp_listen) for tcp_listen
    decoder.o(.text) refers to aeabi_memset.o(.text) for __aeabi_memset
    decoder.o(.text) refers to wdt.o(.text) for WDTInit
    decoder.o(.text) refers to at_system.o(i.main_TcpNet) for main_TcpNet
    decoder.o(.text) refers to __2sprintf.o(.text) for __2sprintf
    decoder.o(.text) refers to system_lpc17xx.o(.data) for SystemCoreClock
    decoder.o(.text) refers to dma.o(.data) for I2SDMA2Done
    decoder.o(.text) refers to ring.o(.data) for ringptr
    decoder.o(.text) refers to ring.o(.constdata) for Ring
    http_cgi.o(.text) refers to _scanf_int.o(.text) for _scanf_int
    http_cgi.o(.text) refers to _printf_pad.o(.text) for _printf_pre_padding
    http_cgi.o(.text) refers to _printf_truncate.o(.text) for _printf_truncate_unsigned
    http_cgi.o(.text) refers to _printf_percent.o(.ARM.Collect$$_printf_percent$$00000000) for _printf_percent
    http_cgi.o(.text) refers to _printf_d.o(.ARM.Collect$$_printf_percent$$00000009) for _printf_d
[...]
    i.udp_init                               0x0000ace8   Section        0  at_udp.o(i.udp_init)
    i.udp_open                               0x0000ad00   Section        0  at_udp.o(i.udp_open)
    i.udp_port_in_use                        0x0000ad68   Section        0  at_udp.o(i.udp_port_in_use)
    udp_port_in_use                          0x0000ad69   Thumb Code    40  at_udp.o(i.udp_port_in_use)
    i.udp_process                            0x0000ad94   Section        0  at_udp.o(i.udp_process)
    i.udp_send                               0x0000ae4c   Section        0  at_udp.o(i.udp_send)
    i.utc_to_http                            0x0000af68   Section        0  at_http.o(i.utc_to_http)
    utc_to_http                              0x0000af69   Thumb Code   180  at_http.o(i.utc_to_http)
    locale$$code                             0x0000b048   Section       44  lc_ctype_c.o(locale$$code)
    .constdata                               0x0000b074   Section    42324  web.o(.constdata)
    Web                                      0x0000b078   Data       42232  web.o(.constdata)
    .constdata                               0x000155c8   Section    26184  ring.o(.constdata)
    .constdata                               0x0001bc10   Section       80  net_config.o(.constdata)
    .constdata                               0x0001bc60   Section       24  adc.o(.constdata)
    .constdata                               0x0001bc78   Section        6  at_arp.o(.constdata)
    NullAdr                                  0x0001bc78   Data           6  at_arp.o(.constdata)
    .constdata                               0x0001bc7e   Section        8  at_ip.o(.constdata)
    IP_Localhost                             0x0001bc82   Data           4  at_ip.o(.constdata)
    .constdata                               0x0001bc86   Section      244  at_http.o(.constdata)
    DYear                                    0x0001bc86   Data           6  at_http.o(.constdata)
    Month                                    0x0001bc8c   Data          48  at_http.o(.constdata)
    WkDay                                    0x0001bcbc   Data          28  at_http.o(.constdata)
    DMonth                                   0x0001bcd8   Data          24  at_http.o(.constdata)
    ftype                                    0x0001bcf0   Data         138  at_http.o(.constdata)
    .constdata                               0x0001bd7a   Section        8  at_nbns.o(.constdata)
    nbns_ttllen                              0x0001bd7a   Data           8  at_nbns.o(.constdata)
    .constdata                               0x0001bd82   Section        6  at_ethernet.o(.constdata)
    .constdata                               0x0001bd88   Section       86  http_err.o(.constdata)
    .constdata                               0x0001bdde   Section       81  http_err.o(.constdata)
    .constdata                               0x0001be2f   Section       78  http_err.o(.constdata)
    .constdata                               0x0001be7d   Section       75  http_err.o(.constdata)
    .constdata                               0x0001bec8   Section       47  http_err.o(.constdata)
    .constdata                               0x0001bef7   Section      136  http_err.o(.constdata)
    .constdata                               0x0001bf80   Section        8  _printf_wctomb.o(.constdata)
    initial_mbstate                          0x0001bf80   Data           8  _printf_wctomb.o(.constdata)
    .constdata                               0x0001bf88   Section       40  _printf_hex_int_ptr.o(.constdata)
    uc_hextab                                0x0001bf88   Data          20  _printf_hex_int_ptr.o(.constdata)
    lc_hextab                                0x0001bf9c   Data          20  _printf_hex_int_ptr.o(.constdata)
    .constdata                               0x0001bfb0   Section       17  __printf_flags_ss_wp.o(.constdata)
    maptable                                 0x0001bfb0   Data          17  __printf_flags_ss_wp.o(.constdata)
    .conststring                             0x0001bfc1   Section       24  net_config.o(.conststring)
    locale$$data                             0x0001bffc   Section      272  lc_ctype_c.o(locale$$data)
    __lcctype_c_name                         0x0001c000   Data           2  lc_ctype_c.o(locale$$data)
    __lcctype_c_start                        0x0001c008   Data           0  lc_ctype_c.o(locale$$data)
    __lcctype_c_end                          0x0001c10c   Data           0  lc_ctype_c.o(locale$$data)
    .data                                    0x10000000   Section      100  decoder.o(.data)
    msTickLast                               0x10000050   Data           4  decoder.o(.data)
    .data                                    0x10000064   Section        4  ring.o(.data)
    .data                                    0x10000068   Section      102  net_config.o(.data)
    http_passw                               0x100000ba   Data          20  net_config.o(.data)
    .data                                    0x100000d0   Section        4  system_lpc17xx.o(.data)
    .data                                    0x100000d4   Section        5  emac_lpc17xx.o(.data)
    dev_175x                                 0x100000d8   Data           1  emac_lpc17xx.o(.data)
    .data                                    0x100000dc   Section       52  timer.o(.data)
    .data                                    0x10000110   Section        4  wdt.o(.data)
    .data                                    0x10000114   Section       16  adc.o(.data)
    .data                                    0x10000124   Section       24  dma.o(.data)
    .data                                    0x1000013c   Section       20  i2s.o(.data)
    .data                                    0x10000150   Section        8  at_arp.o(.data)
    entry                                    0x10000150   Data           1  at_arp.o(.data)
    probe_ip                                 0x10000154   Data           4  at_arp.o(.data)
    .data                                    0x10000158   Section       12  at_ip.o(.data)
    ip_id                                    0x10000158   Data           2  at_ip.o(.data)
    ip_control                               0x1000015c   Data           8  at_ip.o(.data)
    .data                                    0x10000164   Section        4  at_tcp.o(.data)
    socket                                   0x10000164   Data           1  at_tcp.o(.data)
    port                                     0x10000166   Data           2  at_tcp.o(.data)
    .data                                    0x10000168   Section        2  at_udp.o(.data)
    port                                     0x10000168   Data           2  at_udp.o(.data)
    .data                                    0x1000016c   Section       12  at_http.o(.data)
    session                                  0x1000016c   Data           1  at_http.o(.data)
    cgi                                      0x10000170   Data           8  at_http.o(.data)
    .data                                    0x10000178   Section        1  at_nbns.o(.data)
    nbns_Socket                              0x10000178   Data           1  at_nbns.o(.data)
    .data                                    0x1000017c   Section        8  at_mem.o(.data)
    mem_control                              0x1000017c   Data           8  at_mem.o(.data)
    .bss                                     0x10000184   Section     5484  decoder.o(.bss)
    .bss                                     0x100016f0   Section     9576  net_config.o(.bss)
    mem_pool                                 0x100016f0   Data        8192  net_config.o(.bss)
    arp_table                                0x100036f0   Data         140  net_config.o(.bss)
    udp_scb                                  0x1000377c   Data          60  net_config.o(.bss)
    tcp_scb                                  0x100037b8   Data         924  net_config.o(.bss)
    http_scb                                 0x10003b54   Data         260  net_config.o(.bss)
    .bss                                     0x10003c58   Section    10852  emac_lpc17xx.o(.bss)
    Rx_Desc                                  0x10003c58   Data          32  emac_lpc17xx.o(.bss)
    Rx_Stat                                  0x10003c78   Data          32  emac_lpc17xx.o(.bss)
    Tx_Desc                                  0x10003c98   Data          24  emac_lpc17xx.o(.bss)
    Tx_Stat                                  0x10003cb0   Data          12  emac_lpc17xx.o(.bss)
    rx_buf                                   0x10003cbc   Data        6144  emac_lpc17xx.o(.bss)
    tx_buf                                   0x100054bc   Data        4608  emac_lpc17xx.o(.bss)
    .bss                                     0x100066bc   Section      432  adc.o(.bss)
    .bss                                     0x1000686c   Section      512  iap.o(.bss)
    .bss                                     0x10006a6c   Section       16  at_icmp.o(.bss)
    icmp_control                             0x10006a6c   Data          16  at_icmp.o(.bss)
    .bss                                     0x10006a7c   Section      132  at_ethernet.o(.bss)
    eth_control                              0x10006a7c   Data         132  at_ethernet.o(.bss)
    .bss                                     0x10006b00   Section       72  at_system.o(.bss)
    .bss                                     0x10006b48   Section       96  libspace.o(.bss)
    HEAP                                     0x10006ba8   Section      512  startup_lpc17xx.o(HEAP)
    Heap_Mem                                 0x10006ba8   Data         512  startup_lpc17xx.o(HEAP)
    STACK                                    0x10006da8   Section     1024  startup_lpc17xx.o(STACK)
    Stack_Mem                                0x10006da8   Data        1024  startup_lpc17xx.o(STACK)
    __initial_sp                             0x100071a8   Data           0  startup_lpc17xx.o(STACK)

    Global Symbols

    Symbol Name                              Value     Ov Type        Size  Object(Section)

    BuildAttributes$$THM_ISAv4$P$D$K$B$S$PE$A:L22UL41UL21$X:L11$S22US41US21$IEEE1$IW$USESV6$~STKCKD$USESV7$~SHL$OSPACE$ROPI$EBA8$UX$STANDARDLIB$REQ8$PRES8$EABIv2 0x00000000   Number         0  anon$$obj.o ABSOLUTE
    __ARM_use_no_argv                        0x00000000   Number         0  decoder.o ABSOLUTE
    _printf_flags                            0x00000000   Number         0  printf_stubs.o ABSOLUTE
    _printf_return_value                     0x00000000   Number         0  printf_stubs.o ABSOLUTE
    _printf_sizespec                         0x00000000   Number         0  printf_stubs.o ABSOLUTE
    _printf_widthprec                        0x00000000   Number         0  printf_stubs.o ABSOLUTE
    __ARM_exceptions_init                     - Undefined Weak Reference
    __alloca_initialize                       - Undefined Weak Reference
    __cpp_initialize__aeabi_                  - Undefined Weak Reference
    __cxa_finalize                            - Undefined Weak Reference
    __sigvec_lookup                           - Undefined Weak Reference
    _atexit_init                              - Undefined Weak Reference
    _call_atexit_fns                          - Undefined Weak Reference
    _clock_init                               - Undefined Weak Reference
    _fp_trap_init                             - Undefined Weak Reference
    _fp_trap_shutdown                         - Undefined Weak Reference
    _get_lc_collate                           - Undefined Weak Reference
    _get_lc_monetary                          - Undefined Weak Reference
    _get_lc_numeric                           - Undefined Weak Reference
    _get_lc_time                              - Undefined Weak Reference
    _getenv_init                              - Undefined Weak Reference
    _handle_redirection                       - Undefined Weak Reference
    _init_alloc                               - Undefined Weak Reference
    _init_user_alloc                          - Undefined Weak Reference
    _initio                                   - Undefined Weak Reference
    _printf_mbtowc                            - Undefined Weak Reference
    _printf_wc                                - Undefined Weak Reference
    _rand_init                                - Undefined Weak Reference
    _scanf_longlong                           - Undefined Weak Reference
    _scanf_mbtowc                             - Undefined Weak Reference
    _scanf_real                               - Undefined Weak Reference
    _scanf_string                             - Undefined Weak Reference
    _scanf_wctomb                             - Undefined Weak Reference
    _scanf_wstring                            - Undefined Weak Reference
    _signal_finish                            - Undefined Weak Reference
    _signal_init                              - Undefined Weak Reference
    _terminate_alloc                          - Undefined Weak Reference
    _terminate_user_alloc                     - Undefined Weak Reference
    _terminateio                              - Undefined Weak Reference
    poll_ethernet                             - Undefined Weak Reference
    __RL_TCP_VER                             0x00000460   Number         0  at_system.o ABSOLUTE
    __Vectors                                0x00002000   Data           4  startup_lpc17xx.o(RESET)
    __main                                   0x000020cd   Thumb Code     8  __main.o(!!!main)
    __scatterload                            0x000020d5   Thumb Code     0  __scatter.o(!!!scatter)
    __scatterload_rt2                        0x000020d5   Thumb Code    44  __scatter.o(!!!scatter)
    __scatterload_rt2_thumb_only             0x000020d5   Thumb Code     0  __scatter.o(!!!scatter)
    __scatterload_null                       0x000020e3   Thumb Code     0  __scatter.o(!!!scatter)
    __decompress                             0x00002109   Thumb Code    90  __dczerorl2.o(!!dczerorl2)
    __decompress1                            0x00002109   Thumb Code     0  __dczerorl2.o(!!dczerorl2)
    __scatterload_zeroinit                   0x00002165   Thumb Code    28  __scatter_zi.o(!!handler_zi)
    _printf_n                                0x00002181   Thumb Code     0  _printf_n.o(.ARM.Collect$$_printf_percent$$00000001)
    _printf_percent                          0x00002181   Thumb Code     0  _printf_percent.o(.ARM.Collect$$_printf_percent$$00000000)
    _printf_p                                0x00002187   Thumb Code     0  _printf_p.o(.ARM.Collect$$_printf_percent$$00000002)
    _printf_i                                0x0000218d   Thumb Code     0  _printf_i.o(.ARM.Collect$$_printf_percent$$00000008)
    _printf_d                                0x00002193   Thumb Code     0  _printf_d.o(.ARM.Collect$$_printf_percent$$00000009)
    _printf_u                                0x00002199   Thumb Code     0  _printf_u.o(.ARM.Collect$$_printf_percent$$0000000A)
    _printf_o                                0x0000219f   Thumb Code     0  _printf_o.o(.ARM.Collect$$_printf_percent$$0000000B)
    _printf_x                                0x000021a5   Thumb Code     0  _printf_x.o(.ARM.Collect$$_printf_percent$$0000000C)
    _printf_l                                0x000021ab   Thumb Code     0  _printf_l.o(.ARM.Collect$$_printf_percent$$00000012)
    _printf_c                                0x000021b5   Thumb Code     0  _printf_c.o(.ARM.Collect$$_printf_percent$$00000013)
    _printf_s                                0x000021bb   Thumb Code     0  _printf_s.o(.ARM.Collect$$_printf_percent$$00000014)
    _printf_lc                               0x000021c1   Thumb Code     0  _printf_lc.o(.ARM.Collect$$_printf_percent$$00000015)
    _printf_percent_end                      0x000021c7   Thumb Code     0  _printf_percent_end.o(.ARM.Collect$$_printf_percent$$00000017)
    __rt_lib_init                            0x000021cb   Thumb Code     0  libinit.o(.ARM.Collect$$libinit$$00000000)
    __rt_lib_init_fp_1                       0x000021cd   Thumb Code     0  libinit2.o(.ARM.Collect$$libinit$$00000002)
    __rt_lib_init_heap_1                     0x000021cd   Thumb Code     0  libinit2.o(.ARM.Collect$$libinit$$00000008)
    __rt_lib_init_lc_common                  0x000021cd   Thumb Code     0  libinit2.o(.ARM.Collect$$libinit$$0000000D)
    __rt_lib_init_rand_1                     0x000021cd   Thumb Code     0  libinit2.o(.ARM.Collect$$libinit$$0000000C)
    __rt_lib_init_user_alloc_1               0x000021cd   Thumb Code     0  libinit2.o(.ARM.Collect$$libinit$$0000000A)
    __rt_lib_init_lc_collate_1               0x000021d3   Thumb Code     0  libinit2.o(.ARM.Collect$$libinit$$0000000F)
    __rt_lib_init_lc_ctype_2                 0x000021d3   Thumb Code     0  libinit2.o(.ARM.Collect$$libinit$$00000010)
    __rt_lib_init_alloca_1                   0x000021df   Thumb Code     0  libinit2.o(.ARM.Collect$$libinit$$0000002C)
    __rt_lib_init_argv_1                     0x000021df   Thumb Code     0  libinit2.o(.ARM.Collect$$libinit$$0000002A)
    __rt_lib_init_atexit_1                   0x000021df   Thumb Code     0  libinit2.o(.ARM.Collect$$libinit$$00000019)
    __rt_lib_init_clock_1                    0x000021df   Thumb Code     0  libinit2.o(.ARM.Collect$$libinit$$0000001F)
    __rt_lib_init_cpp_1                      0x000021df   Thumb Code     0  libinit2.o(.ARM.Collect$$libinit$$00000030)
    __rt_lib_init_exceptions_1               0x000021df   Thumb Code     0  libinit2.o(.ARM.Collect$$libinit$$0000002E)
    __rt_lib_init_fp_trap_1                  0x000021df   Thumb Code     0  libinit2.o(.ARM.Collect$$libinit$$0000001D)
    __rt_lib_init_getenv_1                   0x000021df   Thumb Code     0  libinit2.o(.ARM.Collect$$libinit$$00000021)
    __rt_lib_init_lc_ctype_1                 0x000021df   Thumb Code     0  libinit2.o(.ARM.Collect$$libinit$$00000011)
    __rt_lib_init_lc_monetary_1              0x000021df   Thumb Code     0  libinit2.o(.ARM.Collect$$libinit$$00000013)
    __rt_lib_init_lc_numeric_1               0x000021df   Thumb Code     0  libinit2.o(.ARM.Collect$$libinit$$00000015)
    __rt_lib_init_lc_time_1                  0x000021df   Thumb Code     0  libinit2.o(.ARM.Collect$$libinit$$00000017)
    __rt_lib_init_return                     0x000021df   Thumb Code     0  libinit2.o(.ARM.Collect$$libinit$$00000031)
    __rt_lib_init_signal_1                   0x000021df   Thumb Code     0  libinit2.o(.ARM.Collect$$libinit$$0000001B)
    __rt_lib_init_stdio_1                    0x000021df   Thumb Code     0  libinit2.o(.ARM.Collect$$libinit$$00000023)
    __rt_lib_shutdown                        0x000021e1   Thumb Code     0  libshutdown.o(.ARM.Collect$$libshutdown$$00000000)
    __rt_lib_shutdown_fp_trap_1              0x000021e3   Thumb Code     0  libshutdown2.o(.ARM.Collect$$libshutdown$$00000006)
    __rt_lib_shutdown_heap_1                 0x000021e3   Thumb Code     0  libshutdown2.o(.ARM.Collect$$libshutdown$$0000000E)
    __rt_lib_shutdown_return                 0x000021e3   Thumb Code     0  libshutdown2.o(.ARM.Collect$$libshutdown$$0000000F)
    __rt_lib_shutdown_signal_1               0x000021e3   Thumb Code     0  libshutdown2.o(.ARM.Collect$$libshutdown$$00000009)
    __rt_lib_shutdown_stdio_1                0x000021e3   Thumb Code     0  libshutdown2.o(.ARM.Collect$$libshutdown$$00000003)
    __rt_lib_shutdown_user_alloc_1           0x000021e3   Thumb Code     0  libshutdown2.o(.ARM.Collect$$libshutdown$$0000000B)
    __rt_entry                               0x000021e5   Thumb Code     0  rtentry.o(.ARM.Collect$$rtentry$$00000000)
    __rt_entry_presh_1                       0x000021e5   Thumb Code     0  rtentry2.o(.ARM.Collect$$rtentry$$00000002)
    __rt_entry_sh                            0x000021e5   Thumb Code     0  rtentry4.o(.ARM.Collect$$rtentry$$00000004)
    __rt_entry_li                            0x000021eb   Thumb Code     0  rtentry2.o(.ARM.Collect$$rtentry$$0000000A)
    __rt_entry_postsh_1                      0x000021eb   Thumb Code     0  rtentry2.o(.ARM.Collect$$rtentry$$00000009)
    __rt_entry_main                          0x000021ef   Thumb Code     0  rtentry2.o(.ARM.Collect$$rtentry$$0000000D)
    __rt_entry_postli_1                      0x000021ef   Thumb Code     0  rtentry2.o(.ARM.Collect$$rtentry$$0000000C)
    __rt_exit                                0x000021f7   Thumb Code     0  rtexit.o(.ARM.Collect$$rtexit$$00000000)
    __rt_exit_ls                             0x000021f9   Thumb Code     0  rtexit2.o(.ARM.Collect$$rtexit$$00000003)
    __rt_exit_prels_1                        0x000021f9   Thumb Code     0  rtexit2.o(.ARM.Collect$$rtexit$$00000002)
    __rt_exit_exit                           0x000021fd   Thumb Code     0  rtexit2.o(.ARM.Collect$$rtexit$$00000004)
    Reset_Handler                            0x00002205   Thumb Code     4  startup_lpc17xx.o(.text)
    NMI_Handler                              0x00002209   Thumb Code     2  startup_lpc17xx.o(.text)
    MemManage_Handler                        0x0000220d   Thumb Code     2  startup_lpc17xx.o(.text)
    BusFault_Handler                         0x0000220f   Thumb Code     2  startup_lpc17xx.o(.text)
    UsageFault_Handler                       0x00002211   Thumb Code     2  startup_lpc17xx.o(.text)
    SVC_Handler                              0x00002213   Thumb Code     2  startup_lpc17xx.o(.text)
    DebugMon_Handler                         0x00002215   Thumb Code     2  startup_lpc17xx.o(.text)
    PendSV_Handler                           0x00002217   Thumb Code     2  startup_lpc17xx.o(.text)
    ADC_IRQHandler                           0x0000221b   Thumb Code     0  startup_lpc17xx.o(.text)
    BOD_IRQHandler                           0x0000221b   Thumb Code     0  startup_lpc17xx.o(.text)
    CANActivity_IRQHandler                   0x0000221b   Thumb Code     0  startup_lpc17xx.o(.text)
    CAN_IRQHandler                           0x0000221b   Thumb Code     0  startup_lpc17xx.o(.text)
    EINT0_IRQHandler                         0x0000221b   Thumb Code     0  startup_lpc17xx.o(.text)
    EINT1_IRQHandler                         0x0000221b   Thumb Code     0  startup_lpc17xx.o(.text)
    EINT2_IRQHandler                         0x0000221b   Thumb Code     0  startup_lpc17xx.o(.text)
    EINT3_IRQHandler                         0x0000221b   Thumb Code     0  startup_lpc17xx.o(.text)
    I2C0_IRQHandler                          0x0000221b   Thumb Code     0  startup_lpc17xx.o(.text)
    I2C1_IRQHandler                          0x0000221b   Thumb Code     0  startup_lpc17xx.o(.text)
    I2C2_IRQHandler                          0x0000221b   Thumb Code     0  startup_lpc17xx.o(.text)
    I2S_IRQHandler                           0x0000221b   Thumb Code     0  startup_lpc17xx.o(.text)
    MCPWM_IRQHandler                         0x0000221b   Thumb Code     0  startup_lpc17xx.o(.text)
    PLL0_IRQHandler                          0x0000221b   Thumb Code     0  startup_lpc17xx.o(.text)
    PLL1_IRQHandler                          0x0000221b   Thumb Code     0  startup_lpc17xx.o(.text)
    PWM1_IRQHandler                          0x0000221b   Thumb Code     0  startup_lpc17xx.o(.text)
    QEI_IRQHandler                           0x0000221b   Thumb Code     0  startup_lpc17xx.o(.text)
    RIT_IRQHandler                           0x0000221b   Thumb Code     0  startup_lpc17xx.o(.text)
    RTC_IRQHandler                           0x0000221b   Thumb Code     0  startup_lpc17xx.o(.text)
    SPI_IRQHandler                           0x0000221b   Thumb Code     0  startup_lpc17xx.o(.text)
    SSP0_IRQHandler                          0x0000221b   Thumb Code     0  startup_lpc17xx.o(.text)
    SSP1_IRQHandler                          0x0000221b   Thumb Code     0  startup_lpc17xx.o(.text)
    TIMER3_IRQHandler                        0x0000221b   Thumb Code     0  startup_lpc17xx.o(.text)
    UART0_IRQHandler                         0x0000221b   Thumb Code     0  startup_lpc17xx.o(.text)
    UART1_IRQHandler                         0x0000221b   Thumb Code     0  startup_lpc17xx.o(.text)
    UART2_IRQHandler                         0x0000221b   Thumb Code     0  startup_lpc17xx.o(.text)
    UART3_IRQHandler                         0x0000221b   Thumb Code     0  startup_lpc17xx.o(.text)
    USBActivity_IRQHandler                   0x0000221b   Thumb Code     0  startup_lpc17xx.o(.text)
    USB_IRQHandler                           0x0000221b   Thumb Code     0  startup_lpc17xx.o(.text)
    __user_initial_stackheap                 0x0000221d   Thumb Code     0  startup_lpc17xx.o(.text)
    SysTick_Handler                          0x0000223d   Thumb Code    12  decoder.o(.text)
    sleep                                    0x00002281   Thumb Code    40  decoder.o(.text)
    udpsend                                  0x000022a9   Thumb Code    50  decoder.o(.text)
    tcpsend                                  0x000022db   Thumb Code   786  decoder.o(.text)
    udp_callback                             0x000025ed   Thumb Code   220  decoder.o(.text)
    tcp_callback                             0x000026c9   Thumb Code  1180  decoder.o(.text)
    init                                     0x00002b65   Thumb Code   318  decoder.o(.text)
    main                                     0x00002ca3   Thumb Code  1562  decoder.o(.text)
    cgi_process_var                          0x00003341   Thumb Code  1284  http_cgi.o(.text)
    cgi_process_data                         0x00003845   Thumb Code   162  http_cgi.o(.text)
    cgi_func                                 0x000038e7   Thumb Code   936  http_cgi.o(.text)
    sys_error                                0x00003cad   Thumb Code    34  net_config.o(.text)
    init_system                              0x00003ccf   Thumb Code    38  net_config.o(.text)
    run_system                               0x00003cf5   Thumb Code    26  net_config.o(.text)
    igmp_is_member                           0x00003d0f   Thumb Code     4  net_config.o(.text)
    igmp_process                             0x00003d13   Thumb Code     2  net_config.o(.text)
    ppp_send_frame                           0x00003d15   Thumb Code     4  net_config.o(.text)
    slip_send_frame                          0x00003d19   Thumb Code     4  net_config.o(.text)
    SystemInit                               0x00003d1d   Thumb Code   480  system_lpc17xx.o(.text)
    init_ethernet                            0x00004187   Thumb Code   662  emac_lpc17xx.o(.text)
    int_enable_eth                           0x0000441d   Thumb Code    24  emac_lpc17xx.o(.text)
    int_disable_eth                          0x00004435   Thumb Code    18  emac_lpc17xx.o(.text)
    send_frame                               0x00004447   Thumb Code    70  emac_lpc17xx.o(.text)
    ENET_IRQHandler                          0x0000448d   Thumb Code   156  emac_lpc17xx.o(.text)
    disTimer                                 0x00004559   Thumb Code    20  timer.o(.text)
    TimerReset                               0x0000456d   Thumb Code    30  timer.o(.text)
    enTimer                                  0x0000458b   Thumb Code    30  timer.o(.text)
    TimerInit                                0x000045a9   Thumb Code   140  timer.o(.text)
    TIMER0_IRQHandler                        0x00004635   Thumb Code  2350  timer.o(.text)
    TIMER1_IRQHandler                        0x00004f63   Thumb Code   142  timer.o(.text)
    TIMER2_IRQHandler                        0x00004ff1   Thumb Code   148  timer.o(.text)
    HardFault_Handler                        0x00005085   Thumb Code    34  timer.o(.text)
    WDT_IRQHandler                           0x00005105   Thumb Code    28  wdt.o(.text)
    WDTInit                                  0x00005121   Thumb Code    54  wdt.o(.text)
    AlarmStart                               0x00005165   Thumb Code   332  gpio.o(.text)
    ClosePort                                0x000052b1   Thumb Code   566  gpio.o(.text)
    GPIOInit                                 0x000054e7   Thumb Code   316  gpio.o(.text)
    OpenPort                                 0x00005623   Thumb Code   856  gpio.o(.text)
    AlarmStop                                0x0000597b   Thumb Code   410  gpio.o(.text)
    UARTSendByte                             0x00005b19   Thumb Code   102  uart.o(.text)
    UARTSendString                           0x00005b7f   Thumb Code    42  uart.o(.text)
    UARTInit                                 0x00005ba9   Thumb Code   428  uart.o(.text)
    UARTSendDec                              0x00005d55   Thumb Code   128  uart.o(.text)
    print                                    0x00005dd5   Thumb Code   156  uart.o(.text)
    ADCInit                                  0x00005ea1   Thumb Code   104  adc.o(.text)
    ADCGetCnv                                0x00005f09   Thumb Code    22  adc.o(.text)
    ADCRead                                  0x00005f1f   Thumb Code    94  adc.o(.text)
    CopyRAMToFlash                           0x00005f91   Thumb Code    48  iap.o(.text)
    PrepareSectors                           0x00005fc1   Thumb Code    40  iap.o(.text)
    EraseSectors                             0x00005fe9   Thumb Code    54  iap.o(.text)
    refresh_update                           0x0000601f   Thumb Code   162  iap.o(.text)
    BlankCheckSectors                        0x000060c1   Thumb Code    56  iap.o(.text)
    restore_config                           0x000060f9   Thumb Code   188  iap.o(.text)
    DMAInit                                  0x000061dd   Thumb Code   168  dma.o(.text)
    DMA_IRQHandler                           0x00006285   Thumb Code   220  dma.o(.text)
    DMADisable                               0x00006361   Thumb Code    56  dma.o(.text)
    DMAConfig                                0x00006399   Thumb Code   132  dma.o(.text)
    I2SInit                                  0x000064f1   Thumb Code    62  i2s.o(.text)
    enAudio                                  0x0000652f   Thumb Code    46  i2s.o(.text)
    disAudio                                 0x0000655d   Thumb Code    32  i2s.o(.text)
    __2sprintf                               0x000065c9   Thumb Code    38  __2sprintf.o(.text)
    _printf_pre_padding                      0x000065f5   Thumb Code    46  _printf_pad.o(.text)
    _printf_post_padding                     0x00006623   Thumb Code    36  _printf_pad.o(.text)
    _printf_truncate_signed                  0x00006647   Thumb Code    18  _printf_truncate.o(.text)
    _printf_truncate_unsigned                0x00006659   Thumb Code    18  _printf_truncate.o(.text)
    _printf_str                              0x0000666b   Thumb Code    82  _printf_str.o(.text)
    _printf_int_dec                          0x000066bd   Thumb Code   102  _printf_dec.o(.text)
    _printf_charcount                        0x00006735   Thumb Code    42  _printf_charcount.o(.text)
    _printf_wctomb                           0x00006761   Thumb Code   182  _printf_wctomb.o(.text)
    _printf_int_oct                          0x0000681d   Thumb Code    80  _printf_oct_int.o(.text)
    _printf_longlong_oct                     0x0000681d   Thumb Code     0  _printf_oct_int.o(.text)
    _printf_longlong_hex                     0x00006875   Thumb Code    82  _printf_hex_int_ptr.o(.text)
    _printf_int_hex                          0x000068c7   Thumb Code    26  _printf_hex_int_ptr.o(.text)
    _printf_hex_ptr                          0x000068e1   Thumb Code    16  _printf_hex_int_ptr.o(.text)
    __printf                                 0x000068f5   Thumb Code   390  __printf_flags_ss_wp.o(.text)
    __0sscanf                                0x00006a81   Thumb Code    52  __0sscanf.o(.text)
    _scanf_int                               0x00006abd   Thumb Code   336  _scanf_int.o(.text)
    atoi                                     0x00006c0d   Thumb Code    26  atoi.o(.text)
    strchr                                   0x00006c27   Thumb Code    20  strchr.o(.text)
    strlen                                   0x00006c3b   Thumb Code    62  strlen.o(.text)
    __aeabi_memcpy                           0x00006c79   Thumb Code     0  rt_memcpy_v6.o(.text)
    __rt_memcpy                              0x00006c79   Thumb Code   138  rt_memcpy_v6.o(.text)
    _memcpy_lastbytes                        0x00006cdf   Thumb Code     0  rt_memcpy_v6.o(.text)
    __aeabi_memcpy4                          0x00006d03   Thumb Code     0  rt_memcpy_w.o(.text)
    __aeabi_memcpy8                          0x00006d03   Thumb Code     0  rt_memcpy_w.o(.text)
    __rt_memcpy_w                            0x00006d03   Thumb Code   100  rt_memcpy_w.o(.text)
    _memcpy_lastbytes_aligned                0x00006d4b   Thumb Code     0  rt_memcpy_w.o(.text)
    __aeabi_memset                           0x00006d67   Thumb Code    16  aeabi_memset.o(.text)
    __aeabi_memclr                           0x00006d77   Thumb Code     0  rt_memclr.o(.text)
    __rt_memclr                              0x00006d77   Thumb Code    68  rt_memclr.o(.text)
    _memset                                  0x00006d7b   Thumb Code     0  rt_memclr.o(.text)
    __aeabi_memclr4                          0x00006dbb   Thumb Code     0  rt_memclr_w.o(.text)
    __aeabi_memclr8                          0x00006dbb   Thumb Code     0  rt_memclr_w.o(.text)
    __rt_memclr_w                            0x00006dbb   Thumb Code    78  rt_memclr_w.o(.text)
    _memset_w                                0x00006dbf   Thumb Code     0  rt_memclr_w.o(.text)
    strcmp                                   0x00006e09   Thumb Code   128  strcmpv7m.o(.text)
    __use_two_region_memory                  0x00006e89   Thumb Code     2  heapauxi.o(.text)
    __rt_heap_escrow$2region                 0x00006e8b   Thumb Code     2  heapauxi.o(.text)
    __rt_heap_expand$2region                 0x00006e8d   Thumb Code     2  heapauxi.o(.text)
    __aeabi_errno_addr                       0x00006e91   Thumb Code     8  rt_errno_addr_intlibspace.o(.text)
    __errno$intlibspace                      0x00006e91   Thumb Code     0  rt_errno_addr_intlibspace.o(.text)
    __rt_errno_addr$intlibspace              0x00006e91   Thumb Code     0  rt_errno_addr_intlibspace.o(.text)
    _printf_int_common                       0x00006e99   Thumb Code   184  _printf_intcommon.o(.text)
    _printf_char_common                      0x00006f5b   Thumb Code    32  _printf_char_common.o(.text)
    _sputc                                   0x00006f81   Thumb Code    10  _sputc.o(.text)
    _printf_cs_common                        0x00006f8b   Thumb Code    20  _printf_char.o(.text)
    _printf_char                             0x00006f9f   Thumb Code    16  _printf_char.o(.text)
    _printf_string                           0x00006faf   Thumb Code     8  _printf_char.o(.text)
    _printf_lcs_common                       0x00006fb7   Thumb Code    20  _printf_wchar.o(.text)
    _printf_wchar                            0x00006fcb   Thumb Code    16  _printf_wchar.o(.text)
    _printf_wstring                          0x00006fdb   Thumb Code     8  _printf_wchar.o(.text)
    _chval                                   0x00006fe3   Thumb Code    28  _chval.o(.text)
    __vfscanf_char                           0x0000700d   Thumb Code    24  scanf_char.o(.text)
    _sgetc                                   0x0000702d   Thumb Code    30  _sgetc.o(.text)
    _sbackspace                              0x0000704b   Thumb Code    34  _sgetc.o(.text)
    strtol                                   0x0000706d   Thumb Code   112  strtol.o(.text)
    _wcrtomb                                 0x000070dd   Thumb Code    64  _wcrtomb.o(.text)
    __user_libspace                          0x0000711d   Thumb Code     8  libspace.o(.text)
    __user_perproc_libspace                  0x0000711d   Thumb Code     0  libspace.o(.text)
    __user_perthread_libspace                0x0000711d   Thumb Code     0  libspace.o(.text)
    __rt_ctype_table                         0x00007125   Thumb Code    16  rt_ctype_table.o(.text)
    isspace                                  0x00007135   Thumb Code    18  isspace.o(.text)
    __vfscanf                                0x00007149   Thumb Code   876  _scanf.o(.text)
    _strtoul                                 0x000074b9   Thumb Code   158  _strtoul.o(.text)
    __user_setup_stackheap                   0x00007557   Thumb Code    74  sys_stackheap_outer.o(.text)
    __rt_locale                              0x000075a1   Thumb Code     8  rt_locale_intlibspace.o(.text)
    exit                                     0x000075a9   Thumb Code    12  exit.o(.text)
    _sys_exit                                0x000075b5   Thumb Code     8  sys_exit.o(.text)
    __I$use$semihosting                      0x000075c1   Thumb Code     0  use_no_semi.o(.text)
    __use_no_semihosting_swi                 0x000075c1   Thumb Code     2  use_no_semi.o(.text)
    __semihosting_library_function           0x000075c3   Thumb Code     0  indicate_semi.o(.text)
    _is_digit                                0x000075c3   Thumb Code    14  __printf_wp.o(i._is_digit)
    alloc_mem                                0x00007605   Thumb Code   180  at_mem.o(i.alloc_mem)
    arp_cache_add                            0x000076c1   Thumb Code   174  at_arp.o(i.arp_cache_add)
    arp_cache_early                          0x00007801   Thumb Code   142  at_arp.o(i.arp_cache_early)
    arp_cache_find                           0x00007899   Thumb Code   168  at_arp.o(i.arp_cache_find)
    arp_cache_update                         0x0000794d   Thumb Code   228  at_arp.o(i.arp_cache_update)
    arp_init                                 0x00007a41   Thumb Code    34  at_arp.o(i.arp_init)
    arp_notify                               0x00007aa1   Thumb Code    26  at_arp.o(i.arp_notify)
    arp_process                              0x00007b51   Thumb Code   294  at_arp.o(i.arp_process)
    b64_to_asc                               0x00007de1   Thumb Code   120  at_lib.o(i.b64_to_asc)
    calc_chksum16be                          0x00007e59   Thumb Code    18  at_lib.o(i.calc_chksum16be)
    cgx_content_type                         0x00007e6b   Thumb Code     4  at_http.o(i.cgx_content_type)
    chksum16_buf                             0x0000803d   Thumb Code    40  at_lib.o(i.chksum16_buf)
    chksum16_val                             0x00008065   Thumb Code    10  at_lib.o(i.chksum16_val)
    eth_chk_adr                              0x000080b5   Thumb Code    10  at_ethernet.o(i.eth_chk_adr)
    eth_init_link                            0x000080c5   Thumb Code    40  at_ethernet.o(i.eth_init_link)
    eth_run_link                             0x000080f9   Thumb Code   194  at_ethernet.o(i.eth_run_link)
    eth_send_frame                           0x000081cd   Thumb Code   150  at_ethernet.o(i.eth_send_frame)
    free_mem                                 0x00008275   Thumb Code   124  at_mem.o(i.free_mem)
    get_rnd32                                0x000083e5   Thumb Code    18  at_system.o(i.get_rnd32)
    http_accept_host                         0x00008413   Thumb Code     4  at_http.o(i.http_accept_host)
    http_check_account                       0x000086d5   Thumb Code     4  at_http.o(i.http_check_account)
    http_fclose                              0x00008861   Thumb Code     2  at_http_uif.o(i.http_fclose)
    http_fgets                               0x00008863   Thumb Code     4  at_http_uif.o(i.http_fgets)
    http_file_access                         0x00008867   Thumb Code     4  at_http.o(i.http_file_access)
    http_finfo                               0x0000886b   Thumb Code     4  at_http_uif.o(i.http_finfo)
    http_fopen                               0x0000886f   Thumb Code     4  at_http_uif.o(i.http_fopen)
    http_fread                               0x00008873   Thumb Code     4  at_http_uif.o(i.http_fread)
    http_get_var                             0x00008879   Thumb Code   104  at_http.o(i.http_get_var)
    http_init                                0x000088e5   Thumb Code    72  at_http.o(i.http_init)
    http_run_server                          0x00009099   Thumb Code   752  at_http.o(i.http_run_server)
    icmp_init                                0x0000945d   Thumb Code    10  at_icmp.o(i.icmp_init)
    icmp_process                             0x0000946d   Thumb Code   198  at_icmp.o(i.icmp_process)
    icmp_run_engine                          0x00009539   Thumb Code    58  at_icmp.o(i.icmp_run_engine)
    ifree_mem                                0x000095f1   Thumb Code    48  at_mem.o(i.ifree_mem)
    init_TcpNet                              0x00009629   Thumb Code    34  at_system.o(i.init_TcpNet)
    init_mem                                 0x00009655   Thumb Code    36  at_mem.o(i.init_mem)
    ip_chk_frame                             0x00009681   Thumb Code   190  at_ip.o(i.ip_chk_frame)
    ip_get_locadr                            0x00009755   Thumb Code   166  at_ip.o(i.ip_get_locadr)
    ip_init                                  0x0000980d   Thumb Code     8  at_ip.o(i.ip_init)
    ip_run_local                             0x00009819   Thumb Code    82  at_ip.o(i.ip_run_local)
    ip_send_frame                            0x00009875   Thumb Code   328  at_ip.o(i.ip_send_frame)
    is_subnet                                0x000099c5   Thumb Code    20  at_lib.o(i.is_subnet)
    main_TcpNet                              0x000099d9   Thumb Code    86  at_system.o(i.main_TcpNet)
    mem_comp                                 0x00009a3d   Thumb Code    26  at_lib.o(i.mem_comp)
    mem_copy                                 0x00009a57   Thumb Code    22  at_lib.o(i.mem_copy)
    mem_crc32                                0x00009a6d   Thumb Code    32  at_lib.o(i.mem_crc32)
    mem_set                                  0x00009a8d   Thumb Code    12  at_lib.o(i.mem_set)
    mem_test                                 0x00009a99   Thumb Code    22  at_lib.o(i.mem_test)
    nbns_init                                0x00009ab1   Thumb Code    32  at_nbns.o(i.nbns_init)
    nrd_u32be                                0x00009c39   Thumb Code    22  at_lib.o(i.nrd_u32be)
    nwr_u32be                                0x00009c4f   Thumb Code    16  at_lib.o(i.nwr_u32be)
    put_in_queue                             0x00009c89   Thumb Code    36  at_ethernet.o(i.put_in_queue)
    resize_mem                               0x00009d51   Thumb Code    68  at_mem.o(i.resize_mem)
    str_copy                                 0x00009de5   Thumb Code    18  at_lib.o(i.str_copy)
    str_crc32                                0x00009df7   Thumb Code    26  at_lib.o(i.str_crc32)
    str_pos                                  0x00009e11   Thumb Code    22  at_lib.o(i.str_pos)
    str_scomp                                0x00009e27   Thumb Code    26  at_lib.o(i.str_scomp)
    str_up_case                              0x00009e41   Thumb Code    26  at_lib.o(i.str_up_case)
    tcp_abort                                0x00009e5d   Thumb Code    82  at_tcp.o(i.tcp_abort)
    tcp_check_send                           0x00009eb5   Thumb Code    58  at_tcp.o(i.tcp_check_send)
    tcp_close                                0x00009ef5   Thumb Code   126  at_tcp.o(i.tcp_close)
    tcp_connect                              0x00009f79   Thumb Code   160  at_tcp.o(i.tcp_connect)
    tcp_get_buf                              0x0000a01d   Thumb Code    32  at_tcp.o(i.tcp_get_buf)
    tcp_get_free_port                        0x0000a03d   Thumb Code    58  at_tcp.o(i.tcp_get_free_port)
    tcp_get_socket                           0x0000a081   Thumb Code    68  at_tcp.o(i.tcp_get_socket)
    tcp_get_state                            0x0000a0c9   Thumb Code    36  at_tcp.o(i.tcp_get_state)
    tcp_init                                 0x0000a0f1   Thumb Code    16  at_tcp.o(i.tcp_init)
    tcp_listen                               0x0000a105   Thumb Code   112  at_tcp.o(i.tcp_listen)
    tcp_max_dsize                            0x0000a215   Thumb Code    36  at_tcp.o(i.tcp_max_dsize)
    tcp_poll_sockets                         0x0000a23d   Thumb Code   520  at_tcp.o(i.tcp_poll_sockets)
    tcp_process                              0x0000a451   Thumb Code  1134  at_tcp.o(i.tcp_process)
    tcp_send                                 0x0000a939   Thumb Code   268  at_tcp.o(i.tcp_send)
    timer_tick                               0x0000ac79   Thumb Code     8  at_system.o(i.timer_tick)
    udp_get_buf                              0x0000ac85   Thumb Code    32  at_udp.o(i.udp_get_buf)
    udp_get_socket                           0x0000aca5   Thumb Code    62  at_udp.o(i.udp_get_socket)
    udp_init                                 0x0000ace9   Thumb Code    18  at_udp.o(i.udp_init)
    udp_open                                 0x0000ad01   Thumb Code    96  at_udp.o(i.udp_open)
    udp_process                              0x0000ad95   Thumb Code   178  at_udp.o(i.udp_process)
    udp_send                                 0x0000ae4d   Thumb Code   280  at_udp.o(i.udp_send)
    _get_lc_ctype                            0x0000b049   Thumb Code    44  lc_ctype_c.o(locale$$code)
    FileMD                                   0x0000b074   Data           4  web.o(.constdata)
    FileTab                                  0x00015570   Data          88  web.o(.constdata)
    Ring                                     0x000155c8   Data       19184  ring.o(.constdata)
    busytone                                 0x0001a0b8   Data        7000  ring.o(.constdata)
    sys_config                               0x0001bc10   Data          16  net_config.o(.constdata)
    arp_config                               0x0001bc20   Data          12  net_config.o(.constdata)
    udp_config                               0x0001bc2c   Data           8  net_config.o(.constdata)
    tcp_config                               0x0001bc34   Data          20  net_config.o(.constdata)
    http_config                              0x0001bc48   Data          24  net_config.o(.constdata)
    admap                                    0x0001bc60   Data          24  adc.o(.constdata)
    IP_Broadcast                             0x0001bc7e   Data           4  at_ip.o(.constdata)
    MAC_Broadcast                            0x0001bd82   Data           6  at_ethernet.o(.constdata)
    http_err_401                             0x0001bd88   Data          86  http_err.o(.constdata)
    http_err_403                             0x0001bdde   Data          81  http_err.o(.constdata)
    http_err_404                             0x0001be2f   Data          78  http_err.o(.constdata)
    http_err_501                             0x0001be7d   Data          75  http_err.o(.constdata)
    http_err_head                            0x0001bec8   Data          47  http_err.o(.constdata)
    http_err_foot                            0x0001bef7   Data         136  http_err.o(.constdata)
    Region$$Table$$Base                      0x0001bfdc   Number         0  anon$$obj.o(Region$$Table)
    Region$$Table$$Limit                     0x0001bffc   Number         0  anon$$obj.o(Region$$Table)
    __ctype                                  0x0001c009   Data           0  lc_ctype_c.o(locale$$data)
    Rem                                      0x10000000   Data           6  decoder.o(.data)
    Outdoor                                  0x10000006   Data           6  decoder.o(.data)
    Admin                                    0x1000000c   Data           6  decoder.o(.data)
    Server                                   0x10000012   Data           6  decoder.o(.data)
    udpwrptr                                 0x10000018   Data           1  decoder.o(.data)
    udprdptr                                 0x10000019   Data           1  decoder.o(.data)
    msTick                                   0x1000001c   Data           4  decoder.o(.data)
    systime                                  0x10000020   Data           4  decoder.o(.data)
    GETINFO                                  0x10000024   Data           1  decoder.o(.data)
    ADMIN                                    0x10000025   Data           1  decoder.o(.data)
    LastState                                0x10000026   Data           1  decoder.o(.data)
    ComState                                 0x10000027   Data           1  decoder.o(.data)
    CallState                                0x10000028   Data           1  decoder.o(.data)
    Busy                                     0x10000029   Data           1  decoder.o(.data)
    Hangoff                                  0x1000002a   Data           1  decoder.o(.data)
    Monitor                                  0x1000002b   Data           1  decoder.o(.data)
    Unlock                                   0x1000002c   Data           1  decoder.o(.data)
    tick                                     0x10000030   Data           4  decoder.o(.data)
    crtport                                  0x10000034   Data           4  decoder.o(.data)
    lastport                                 0x10000038   Data           4  decoder.o(.data)
    version                                  0x1000003c   Data          20  decoder.o(.data)
    socket_tcps                              0x10000054   Data           1  decoder.o(.data)
    socket_tcpc                              0x10000055   Data           1  decoder.o(.data)
    socket_udp                               0x10000056   Data           1  decoder.o(.data)
    seqnum                                   0x10000058   Data           4  decoder.o(.data)
    UDPLEN                                   0x1000005c   Data           2  decoder.o(.data)
    TCPLEN                                   0x1000005e   Data           2  decoder.o(.data)
    crtroom                                  0x10000060   Data           4  decoder.o(.data)
    ringptr                                  0x10000064   Data           4  ring.o(.data)
    nlocalm                                  0x10000068   Data          60  net_config.o(.data)
    lhost_name                               0x100000a4   Data          16  net_config.o(.data)
    own_hw_adr                               0x100000b4   Data           6  net_config.o(.data)
    SystemCoreClock                          0x100000d0   Data           4  system_lpc17xx.o(.data)
    iap_entry                                0x100000d4   Data           4  emac_lpc17xx.o(.data)
    video                                    0x100000dc   Data           1  timer.o(.data)
    key1_counter                             0x100000e0   Data           4  timer.o(.data)
    key2_counter                             0x100000e4   Data           4  timer.o(.data)
    key3_counter                             0x100000e8   Data           4  timer.o(.data)
    timer1_counter                           0x100000ec   Data           4  timer.o(.data)
    mon_cnt                                  0x100000f0   Data           4  timer.o(.data)
    key1_tim                                 0x100000f4   Data           4  timer.o(.data)
    key2_tim                                 0x100000f8   Data           4  timer.o(.data)
    alm_tim                                  0x100000fc   Data           4  timer.o(.data)
    disarm                                   0x10000100   Data           4  timer.o(.data)
    almport                                  0x10000104   Data           4  timer.o(.data)
    banding                                  0x10000108   Data           1  timer.o(.data)
    disarm_counter                           0x1000010c   Data           4  timer.o(.data)
    wdt_counter                              0x10000110   Data           4  wdt.o(.data)
    adcount                                  0x10000114   Data           4  adc.o(.data)
    Alarm                                    0x10000118   Data           4  adc.o(.data)
    EMERG1                                   0x1000011c   Data           4  adc.o(.data)
    EMERG2                                   0x10000120   Data           4  adc.o(.data)
    DMATCCount                               0x10000124   Data           4  dma.o(.data)
    DMAErrCount                              0x10000128   Data           4  dma.o(.data)
    I2SDMA0Done                              0x1000012c   Data           4  dma.o(.data)
    I2SDMA1Done                              0x10000130   Data           4  dma.o(.data)
    I2SDMA2Done                              0x10000134   Data           4  dma.o(.data)
    I2SDMA3Done                              0x10000138   Data           4  dma.o(.data)
    AudioFlag                                0x1000013c   Data           4  i2s.o(.data)
    I2STXBuf0                                0x10000140   Data           4  i2s.o(.data)
    I2STXBuf1                                0x10000144   Data           4  i2s.o(.data)
    I2SRXBuf0                                0x10000148   Data           4  i2s.o(.data)
    I2SRXBuf1                                0x1000014c   Data           4  i2s.o(.data)
    my                                       0x10000184   Data        1064  decoder.o(.bss)
    LOC_IP                                   0x100005ac   Data          16  decoder.o(.bss)
    udptxbuf                                 0x100005bc   Data        1472  decoder.o(.bss)
    udprxbuf                                 0x10000b7c   Data        1472  decoder.o(.bss)
    tcpbuf                                   0x1000113c   Data        1460  decoder.o(.bss)
    indoor                                   0x100066bc   Data         432  adc.o(.bss)
    table                                    0x1000686c   Data         512  iap.o(.bss)
    localm                                   0x10006b00   Data          60  at_system.o(.bss)
    sys_control                              0x10006b3c   Data          12  at_system.o(.bss)
    __libspace_start                         0x10006b48   Data          96  libspace.o(.bss)
    __temporary_stack_top$libspace           0x10006ba8   Data           0  libspace.o(.bss)



==============================================================================

Memory Map of the image

  Image Entry point : 0x000020cd

  Load Region LR_IROM1 (Base: 0x00002000, Size: 0x0001a290, Max: 0x00076000, ABSOLUTE, COMPRESSED[0x0001a174])

    Execution Region ER_IROM1 (Base: 0x00002000, Size: 0x0001a10c, Max: 0x00076000, ABSOLUTE)

    Base Addr    Size         Type   Attr      Idx    E Section Name        Object

    0x00002000   0x000000cc   Data   RO            3    RESET               startup_lpc17xx.o
    0x000020cc   0x00000008   Code   RO          924  * !!!main             c_w.l(__main.o)
    0x000020d4   0x00000034   Code   RO         1165    !!!scatter          c_w.l(__scatter.o)
    0x00002108   0x0000005a   Code   RO         1163    !!dczerorl2         c_w.l(__dczerorl2.o)
    0x00002162   0x00000002   PAD
    0x00002164   0x0000001c   Code   RO         1167    !!handler_zi        c_w.l(__scatter_zi.o)
    0x00002180   0x00000000   Code   RO          898    .ARM.Collect$$_printf_percent$$00000000  c_w.l(_printf_percent.o)
    0x00002180   0x00000006   Code   RO          891    .ARM.Collect$$_printf_percent$$00000001  c_w.l(_printf_n.o)
    0x00002186   0x00000006   Code   RO          893    .ARM.Collect$$_printf_percent$$00000002  c_w.l(_printf_p.o)
    0x0000218c   0x00000006   Code   RO          895    .ARM.Collect$$_printf_percent$$00000008  c_w.l(_printf_i.o)
    0x00002192   0x00000006   Code   RO          896    .ARM.Collect$$_printf_percent$$00000009  c_w.l(_printf_d.o)
    0x00002198   0x00000006   Code   RO          897    .ARM.Collect$$_printf_percent$$0000000A  c_w.l(_printf_u.o)
    0x0000219e   0x00000006   Code   RO          894    .ARM.Collect$$_printf_percent$$0000000B  c_w.l(_printf_o.o)
    0x000021a4   0x00000006   Code   RO          892    .ARM.Collect$$_printf_percent$$0000000C  c_w.l(_printf_x.o)
    0x000021aa   0x0000000a   Code   RO          943    .ARM.Collect$$_printf_percent$$00000012  c_w.l(_printf_l.o)
    0x000021b4   0x00000006   Code   RO          889    .ARM.Collect$$_printf_percent$$00000013  c_w.l(_printf_c.o)
    0x000021ba   0x00000006   Code   RO          890    .ARM.Collect$$_printf_percent$$00000014  c_w.l(_printf_s.o)
    0x000021c0   0x00000006   Code   RO          899    .ARM.Collect$$_printf_percent$$00000015  c_w.l(_printf_lc.o)
    0x000021c6   0x00000004   Code   RO          942    .ARM.Collect$$_printf_percent$$00000017  c_w.l(_printf_percent_end.o)
    0x000021ca   0x00000002   Code   RO         1011    .ARM.Collect$$libinit$$00000000  c_w.l(libinit.o)
    0x000021cc   0x00000000   Code   RO         1041    .ARM.Collect$$libinit$$00000002  c_w.l(libinit2.o)
    0x000021cc   0x00000000   Code   RO         1044    .ARM.Collect$$libinit$$00000008  c_w.l(libinit2.o)
    0x000021cc   0x00000000   Code   RO         1046    .ARM.Collect$$libinit$$0000000A  c_w.l(libinit2.o)
    0x000021cc   0x00000000   Code   RO         1048    .ARM.Collect$$libinit$$0000000C  c_w.l(libinit2.o)
    0x000021cc   0x00000006   Code   RO         1049    .ARM.Collect$$libinit$$0000000D  c_w.l(libinit2.o)
    0x000021d2   0x00000000   Code   RO         1051    .ARM.Collect$$libinit$$0000000F  c_w.l(libinit2.o)
    0x000021d2   0x0000000c   Code   RO         1052    .ARM.Collect$$libinit$$00000010  c_w.l(libinit2.o)
    0x000021de   0x00000000   Code   RO         1053    .ARM.Collect$$libinit$$00000011  c_w.l(libinit2.o)
    0x000021de   0x00000000   Code   RO         1055    .ARM.Collect$$libinit$$00000013  c_w.l(libinit2.o)
    0x000021de   0x00000000   Code   RO         1057    .ARM.Collect$$libinit$$00000015  c_w.l(libinit2.o)
    0x000021de   0x00000000   Code   RO         1059    .ARM.Collect$$libinit$$00000017  c_w.l(libinit2.o)
    0x000021de   0x00000000   Code   RO         1061    .ARM.Collect$$libinit$$00000019  c_w.l(libinit2.o)
    0x000021de   0x00000000   Code   RO         1063    .ARM.Collect$$libinit$$0000001B  c_w.l(libinit2.o)
    0x000021de   0x00000000   Code   RO         1065    .ARM.Collect$$libinit$$0000001D  c_w.l(libinit2.o)
    0x000021de   0x00000000   Code   RO         1067    .ARM.Collect$$libinit$$0000001F  c_w.l(libinit2.o)
    0x000021de   0x00000000   Code   RO         1069    .ARM.Collect$$libinit$$00000021  c_w.l(libinit2.o)
    0x000021de   0x00000000   Code   RO         1071    .ARM.Collect$$libinit$$00000023  c_w.l(libinit2.o)
    0x000021de   0x00000000   Code   RO         1075    .ARM.Collect$$libinit$$0000002A  c_w.l(libinit2.o)
    0x000021de   0x00000000   Code   RO         1077    .ARM.Collect$$libinit$$0000002C  c_w.l(libinit2.o)
    0x000021de   0x00000000   Code   RO         1079    .ARM.Collect$$libinit$$0000002E  c_w.l(libinit2.o)
    0x000021de   0x00000000   Code   RO         1081    .ARM.Collect$$libinit$$00000030  c_w.l(libinit2.o)
    0x000021de   0x00000002   Code   RO         1082    .ARM.Collect$$libinit$$00000031  c_w.l(libinit2.o)
    0x000021e0   0x00000002   Code   RO         1104    .ARM.Collect$$libshutdown$$00000000  c_w.l(libshutdown.o)
    0x000021e2   0x00000000   Code   RO         1118    .ARM.Collect$$libshutdown$$00000003  c_w.l(libshutdown2.o)
    0x000021e2   0x00000000   Code   RO         1121    .ARM.Collect$$libshutdown$$00000006  c_w.l(libshutdown2.o)
    0x000021e2   0x00000000   Code   RO         1124    .ARM.Collect$$libshutdown$$00000009  c_w.l(libshutdown2.o)
    0x000021e2   0x00000000   Code   RO         1126    .ARM.Collect$$libshutdown$$0000000B  c_w.l(libshutdown2.o)
    0x000021e2   0x00000000   Code   RO         1129    .ARM.Collect$$libshutdown$$0000000E  c_w.l(libshutdown2.o)
    0x000021e2   0x00000002   Code   RO         1130    .ARM.Collect$$libshutdown$$0000000F  c_w.l(libshutdown2.o)
    0x000021e4   0x00000000   Code   RO          926    .ARM.Collect$$rtentry$$00000000  c_w.l(rtentry.o)
    0x000021e4   0x00000000   Code   RO          958    .ARM.Collect$$rtentry$$00000002  c_w.l(rtentry2.o)
    0x000021e4   0x00000006   Code   RO          970    .ARM.Collect$$rtentry$$00000004  c_w.l(rtentry4.o)
    0x000021ea   0x00000000   Code   RO          960    .ARM.Collect$$rtentry$$00000009  c_w.l(rtentry2.o)
    0x000021ea   0x00000004   Code   RO          961    .ARM.Collect$$rtentry$$0000000A  c_w.l(rtentry2.o)
    0x000021ee   0x00000000   Code   RO          963    .ARM.Collect$$rtentry$$0000000C  c_w.l(rtentry2.o)
    0x000021ee   0x00000008   Code   RO          964    .ARM.Collect$$rtentry$$0000000D  c_w.l(rtentry2.o)
    0x000021f6   0x00000002   Code   RO         1012    .ARM.Collect$$rtexit$$00000000  c_w.l(rtexit.o)
    0x000021f8   0x00000000   Code   RO         1084    .ARM.Collect$$rtexit$$00000002  c_w.l(rtexit2.o)
    0x000021f8   0x00000004   Code   RO         1085    .ARM.Collect$$rtexit$$00000003  c_w.l(rtexit2.o)
    0x000021fc   0x00000006   Code   RO         1086    .ARM.Collect$$rtexit$$00000004  c_w.l(rtexit2.o)
    0x00002202   0x00000002   PAD
    0x00002204   0x00000038   Code   RO            5    .text               startup_lpc17xx.o
    0x0000223c   0x00001104   Code   RO           15    .text               decoder.o
    0x00003340   0x0000096c   Code   RO          104    .text               http_cgi.o
    0x00003cac   0x00000070   Code   RO          151    .text               net_config.o
    0x00003d1c   0x00000220   Code   RO          180    .text               system_lpc17xx.o
    0x00003f3c   0x0000061c   Code   RO          210    .text               emac_lpc17xx.o
    0x00004558   0x00000bac   Code   RO          242    .text               timer.o
    0x00005104   0x00000060   Code   RO          288    .text               wdt.o
    0x00005164   0x000009b4   Code   RO          315    .text               gpio.o
    0x00005b18   0x00000388   Code   RO          336    .text               uart.o
    0x00005ea0   0x000000f0   Code   RO          362    .text               adc.o
    0x00005f90   0x0000024c   Code   RO          391    .text               iap.o
    0x000061dc   0x000002b8   Code   RO          455    .text               dma.o
    0x00006494   0x00000134   Code   RO          478    .text               i2s.o
    0x000065c8   0x0000002c   Code   RO          823    .text               c_w.l(__2sprintf.o)
    0x000065f4   0x00000052   Code   RO          829    .text               c_w.l(_printf_pad.o)
    0x00006646   0x00000024   Code   RO          831    .text               c_w.l(_printf_truncate.o)
    0x0000666a   0x00000052   Code   RO          833    .text               c_w.l(_printf_str.o)
    0x000066bc   0x00000078   Code   RO          835    .text               c_w.l(_printf_dec.o)
    0x00006734   0x0000002a   Code   RO          837    .text               c_w.l(_printf_charcount.o)
    0x0000675e   0x00000002   PAD
    0x00006760   0x000000bc   Code   RO          839    .text               c_w.l(_printf_wctomb.o)
    0x0000681c   0x00000058   Code   RO          844    .text               c_w.l(_printf_oct_int.o)
    0x00006874   0x00000080   Code   RO          860    .text               c_w.l(_printf_hex_int_ptr.o)
    0x000068f4   0x0000018c   Code   RO          886    .text               c_w.l(__printf_flags_ss_wp.o)
    0x00006a80   0x0000003c   Code   RO          900    .text               c_w.l(__0sscanf.o)
    0x00006abc   0x00000150   Code   RO          902    .text               c_w.l(_scanf_int.o)
    0x00006c0c   0x0000001a   Code   RO          904    .text               c_w.l(atoi.o)
    0x00006c26   0x00000014   Code   RO          906    .text               c_w.l(strchr.o)
    0x00006c3a   0x0000003e   Code   RO          908    .text               c_w.l(strlen.o)
    0x00006c78   0x0000008a   Code   RO          910    .text               c_w.l(rt_memcpy_v6.o)
    0x00006d02   0x00000064   Code   RO          912    .text               c_w.l(rt_memcpy_w.o)
    0x00006d66   0x00000010   Code   RO          914    .text               c_w.l(aeabi_memset.o)
    0x00006d76   0x00000044   Code   RO          916    .text               c_w.l(rt_memclr.o)
    0x00006dba   0x0000004e   Code   RO          918    .text               c_w.l(rt_memclr_w.o)
    0x00006e08   0x00000080   Code   RO          920    .text               c_w.l(strcmpv7m.o)
    0x00006e88   0x00000006   Code   RO          922    .text               c_w.l(heapauxi.o)
    0x00006e8e   0x00000002   PAD
    0x00006e90   0x00000008   Code   RO          930    .text               c_w.l(rt_errno_addr_intlibspace.o)
    0x00006e98   0x000000b8   Code   RO          932    .text               c_w.l(_printf_intcommon.o)
    0x00006f50   0x00000030   Code   RO          934    .text               c_w.l(_printf_char_common.o)
    0x00006f80   0x0000000a   Code   RO          936    .text               c_w.l(_sputc.o)
    0x00006f8a   0x0000002c   Code   RO          938    .text               c_w.l(_printf_char.o)
    0x00006fb6   0x0000002c   Code   RO          940    .text               c_w.l(_printf_wchar.o)
    0x00006fe2   0x0000001c   Code   RO          944    .text               c_w.l(_chval.o)
    0x00006ffe   0x00000002   PAD
    0x00007000   0x0000002c   Code   RO          946    .text               c_w.l(scanf_char.o)
    0x0000702c   0x00000040   Code   RO          948    .text               c_w.l(_sgetc.o)
    0x0000706c   0x00000070   Code   RO          950    .text               c_w.l(strtol.o)
    0x000070dc   0x00000040   Code   RO          952    .text               c_w.l(_wcrtomb.o)
    0x0000711c   0x00000008   Code   RO          954    .text               c_w.l(libspace.o)
    0x00007124   0x00000010   Code   RO          972    .text               c_w.l(rt_ctype_table.o)
    0x00007134   0x00000012   Code   RO          974    .text               c_w.l(isspace.o)
    0x00007146   0x00000002   PAD
    0x00007148   0x00000370   Code   RO          978    .text               c_w.l(_scanf.o)
    0x000074b8   0x0000009e   Code   RO          980    .text               c_w.l(_strtoul.o)
    0x00007556   0x0000004a   Code   RO          982    .text               c_w.l(sys_stackheap_outer.o)
    0x000075a0   0x00000008   Code   RO          987    .text               c_w.l(rt_locale_intlibspace.o)
    0x000075a8   0x0000000c   Code   RO         1004    .text               c_w.l(exit.o)
    0x000075b4   0x0000000c   Code   RO         1096    .text               c_w.l(sys_exit.o)
    0x000075c0   0x00000002   Code   RO         1107    .text               c_w.l(use_no_semi.o)
    0x000075c2   0x00000000   Code   RO         1109    .text               c_w.l(indicate_semi.o)
    0x000075c2   0x0000000e   Code   RO          879    i._is_digit         c_w.l(__printf_wp.o)
    0x000075d0   0x00000034   Code   RO          642    i.add_server_id     TCP_CM3.lib(at_http.o)
    0x00007604   0x000000bc   Code   RO          784    i.alloc_mem         TCP_CM3.lib(at_mem.o)
    0x000076c0   0x000000b8   Code   RO          503    i.arp_cache_add     TCP_CM3.lib(at_arp.o)
    0x00007778   0x00000088   Code   RO          504    i.arp_cache_alloc   TCP_CM3.lib(at_arp.o)
    0x00007800   0x00000098   Code   RO          505    i.arp_cache_early   TCP_CM3.lib(at_arp.o)
    0x00007898   0x000000b4   Code   RO          506    i.arp_cache_find    TCP_CM3.lib(at_arp.o)
    0x0000794c   0x000000f4   Code   RO          509    i.arp_cache_update  TCP_CM3.lib(at_arp.o)
    0x00007a40   0x0000002c   Code   RO          512    i.arp_init          TCP_CM3.lib(at_arp.o)
    0x00007a6c   0x00000034   Code   RO          513    i.arp_is_cacheable  TCP_CM3.lib(at_arp.o)
    0x00007aa0   0x00000028   Code   RO          514    i.arp_notify        TCP_CM3.lib(at_arp.o)
    0x00007ac8   0x00000088   Code   RO          516    i.arp_proc_response  TCP_CM3.lib(at_arp.o)
    0x00007b50   0x00000138   Code   RO          517    i.arp_process       TCP_CM3.lib(at_arp.o)
    0x00007c88   0x000000a0   Code   RO          518    i.arp_send_reply    TCP_CM3.lib(at_arp.o)
    0x00007d28   0x000000b8   Code   RO          519    i.arp_send_request  TCP_CM3.lib(at_arp.o)
    0x00007de0   0x00000078   Code   RO          735    i.b64_to_asc        TCP_CM3.lib(at_lib.o)
    0x00007e58   0x00000012   Code   RO          737    i.calc_chksum16be   TCP_CM3.lib(at_lib.o)
    0x00007e6a   0x00000004   Code   RO          643    i.cgx_content_type  TCP_CM3.lib(at_http.o)
    0x00007e6e   0x00000002   PAD
    0x00007e70   0x000001cc   Code   RO          644    i.chk_post_req      TCP_CM3.lib(at_http.o)
    0x0000803c   0x00000028   Code   RO          738    i.chksum16_buf      TCP_CM3.lib(at_lib.o)
    0x00008064   0x0000000a   Code   RO          739    i.chksum16_val      TCP_CM3.lib(at_lib.o)
    0x0000806e   0x0000001e   Code   RO          645    i.cmp_fname_ext     TCP_CM3.lib(at_http.o)
    0x0000808c   0x00000028   Code   RO          646    i.cmp_header        TCP_CM3.lib(at_http.o)
    0x000080b4   0x00000010   Code   RO          720    i.eth_chk_adr       TCP_CM3.lib(at_ethernet.o)
    0x000080c4   0x00000034   Code   RO          722    i.eth_init_link     TCP_CM3.lib(at_ethernet.o)
    0x000080f8   0x000000d4   Code   RO          723    i.eth_run_link      TCP_CM3.lib(at_ethernet.o)
    0x000081cc   0x000000a8   Code   RO          724    i.eth_send_frame    TCP_CM3.lib(at_ethernet.o)
    0x00008274   0x00000084   Code   RO          785    i.free_mem          TCP_CM3.lib(at_mem.o)
    0x000082f8   0x00000028   Code   RO          741    i.get_crc32         TCP_CM3.lib(at_lib.o)
    0x00008320   0x00000068   Code   RO          647    i.get_file_type     TCP_CM3.lib(at_http.o)
    0x00008388   0x00000028   Code   RO          648    i.get_next_field    TCP_CM3.lib(at_http.o)
    0x000083b0   0x00000032   Code   RO          649    i.get_next_par      TCP_CM3.lib(at_http.o)
    0x000083e2   0x00000002   PAD
    0x000083e4   0x0000001c   Code   RO          796    i.get_rnd32         TCP_CM3.lib(at_system.o)
    0x00008400   0x00000012   Code   RO          650    i.hex2byte          TCP_CM3.lib(at_http.o)
    0x00008412   0x00000004   Code   RO          651    i.http_accept_host  TCP_CM3.lib(at_http.o)
    0x00008416   0x00000002   PAD
    0x00008418   0x000002bc   Code   RO          652    i.http_add_header   TCP_CM3.lib(at_http.o)
    0x000086d4   0x00000004   Code   RO          653    i.http_check_account  TCP_CM3.lib(at_http.o)
    0x000086d8   0x00000188   Code   RO          655    i.http_error_msg    TCP_CM3.lib(at_http.o)
    0x00008860   0x00000002   Code   RO          811    i.http_fclose       TCP_CM3.lib(at_http_uif.o)
    0x00008862   0x00000004   Code   RO          812    i.http_fgets        TCP_CM3.lib(at_http_uif.o)
    0x00008866   0x00000004   Code   RO          656    i.http_file_access  TCP_CM3.lib(at_http.o)
    0x0000886a   0x00000004   Code   RO          813    i.http_finfo        TCP_CM3.lib(at_http_uif.o)
    0x0000886e   0x00000004   Code   RO          814    i.http_fopen        TCP_CM3.lib(at_http_uif.o)
    0x00008872   0x00000004   Code   RO          815    i.http_fread        TCP_CM3.lib(at_http_uif.o)
    0x00008876   0x00000002   PAD
    0x00008878   0x0000006c   Code   RO          662    i.http_get_var      TCP_CM3.lib(at_http.o)
    0x000088e4   0x00000050   Code   RO          663    i.http_init         TCP_CM3.lib(at_http.o)
    0x00008934   0x0000005e   Code   RO          664    i.http_kill_session  TCP_CM3.lib(at_http.o)
    0x00008992   0x00000002   PAD
    0x00008994   0x0000021c   Code   RO          665    i.http_listener     TCP_CM3.lib(at_http.o)
    0x00008bb0   0x00000120   Code   RO          666    i.http_open_file    TCP_CM3.lib(at_http.o)
    0x00008cd0   0x00000154   Code   RO          667    i.http_proc_header  TCP_CM3.lib(at_http.o)
    0x00008e24   0x0000017c   Code   RO          668    i.http_proc_multipart  TCP_CM3.lib(at_http.o)
    0x00008fa0   0x000000f8   Code   RO          669    i.http_proc_post    TCP_CM3.lib(at_http.o)
    0x00009098   0x000002fc   Code   RO          670    i.http_run_server   TCP_CM3.lib(at_http.o)
    0x00009394   0x0000001e   Code   RO          671    i.http_strcpy       TCP_CM3.lib(at_http.o)
    0x000093b2   0x00000002   PAD
    0x000093b4   0x000000a8   Code   RO          672    i.http_to_utc       TCP_CM3.lib(at_http.o)
    0x0000945c   0x00000010   Code   RO          553    i.icmp_init         TCP_CM3.lib(at_icmp.o)
    0x0000946c   0x000000cc   Code   RO          555    i.icmp_process      TCP_CM3.lib(at_icmp.o)
    0x00009538   0x00000048   Code   RO          556    i.icmp_run_engine   TCP_CM3.lib(at_icmp.o)
    0x00009580   0x00000070   Code   RO          557    i.icmp_send_message  TCP_CM3.lib(at_icmp.o)
    0x000095f0   0x00000038   Code   RO          786    i.ifree_mem         TCP_CM3.lib(at_mem.o)
    0x00009628   0x0000002c   Code   RO          797    i.init_TcpNet       TCP_CM3.lib(at_system.o)
    0x00009654   0x0000002c   Code   RO          787    i.init_mem          TCP_CM3.lib(at_mem.o)
    0x00009680   0x000000c8   Code   RO          539    i.ip_chk_frame      TCP_CM3.lib(at_ip.o)
    0x00009748   0x0000000a   Code   RO          540    i.ip_get_chksum     TCP_CM3.lib(at_ip.o)
    0x00009752   0x00000002   PAD
    0x00009754   0x000000b8   Code   RO          541    i.ip_get_locadr     TCP_CM3.lib(at_ip.o)
    0x0000980c   0x0000000c   Code   RO          542    i.ip_init           TCP_CM3.lib(at_ip.o)
    0x00009818   0x0000005c   Code   RO          543    i.ip_run_local      TCP_CM3.lib(at_ip.o)
    0x00009874   0x00000150   Code   RO          544    i.ip_send_frame     TCP_CM3.lib(at_ip.o)
    0x000099c4   0x00000014   Code   RO          742    i.is_subnet         TCP_CM3.lib(at_lib.o)
    0x000099d8   0x00000064   Code   RO          798    i.main_TcpNet       TCP_CM3.lib(at_system.o)
    0x00009a3c   0x0000001a   Code   RO          743    i.mem_comp          TCP_CM3.lib(at_lib.o)
    0x00009a56   0x00000016   Code   RO          744    i.mem_copy          TCP_CM3.lib(at_lib.o)
    0x00009a6c   0x00000020   Code   RO          745    i.mem_crc32         TCP_CM3.lib(at_lib.o)
    0x00009a8c   0x0000000c   Code   RO          747    i.mem_set           TCP_CM3.lib(at_lib.o)
    0x00009a98   0x00000016   Code   RO          748    i.mem_test          TCP_CM3.lib(at_lib.o)
    0x00009aae   0x00000002   PAD
    0x00009ab0   0x00000028   Code   RO          714    i.nbns_init         TCP_CM3.lib(at_nbns.o)
    0x00009ad8   0x00000160   Code   RO          715    i.nbns_listener     TCP_CM3.lib(at_nbns.o)
    0x00009c38   0x00000016   Code   RO          750    i.nrd_u32be         TCP_CM3.lib(at_lib.o)
    0x00009c4e   0x00000010   Code   RO          752    i.nwr_u32be         TCP_CM3.lib(at_lib.o)
    0x00009c5e   0x00000002   PAD
    0x00009c60   0x00000028   Code   RO          673    i.proc_req_line     TCP_CM3.lib(at_http.o)
    0x00009c88   0x00000028   Code   RO          725    i.put_in_queue      TCP_CM3.lib(at_ethernet.o)
    0x00009cb0   0x000000a0   Code   RO          674    i.read_script_line  TCP_CM3.lib(at_http.o)
    0x00009d50   0x00000048   Code   RO          788    i.resize_mem        TCP_CM3.lib(at_mem.o)
    0x00009d98   0x0000004c   Code   RO          675    i.search_delim      TCP_CM3.lib(at_http.o)
    0x00009de4   0x00000012   Code   RO          753    i.str_copy          TCP_CM3.lib(at_lib.o)
    0x00009df6   0x0000001a   Code   RO          754    i.str_crc32         TCP_CM3.lib(at_lib.o)
    0x00009e10   0x00000016   Code   RO          755    i.str_pos           TCP_CM3.lib(at_lib.o)
    0x00009e26   0x0000001a   Code   RO          756    i.str_scomp         TCP_CM3.lib(at_lib.o)
    0x00009e40   0x0000001a   Code   RO          758    i.str_up_case       TCP_CM3.lib(at_lib.o)
    0x00009e5a   0x00000002   PAD
    0x00009e5c   0x00000058   Code   RO          564    i.tcp_abort         TCP_CM3.lib(at_tcp.o)
    0x00009eb4   0x00000040   Code   RO          565    i.tcp_check_send    TCP_CM3.lib(at_tcp.o)
    0x00009ef4   0x00000084   Code   RO          566    i.tcp_close         TCP_CM3.lib(at_tcp.o)
    0x00009f78   0x000000a4   Code   RO          567    i.tcp_connect       TCP_CM3.lib(at_tcp.o)
    0x0000a01c   0x00000020   Code   RO          569    i.tcp_get_buf       TCP_CM3.lib(at_tcp.o)
    0x0000a03c   0x00000044   Code   RO          570    i.tcp_get_free_port  TCP_CM3.lib(at_tcp.o)
    0x0000a080   0x00000048   Code   RO          571    i.tcp_get_socket    TCP_CM3.lib(at_tcp.o)
    0x0000a0c8   0x00000028   Code   RO          572    i.tcp_get_state     TCP_CM3.lib(at_tcp.o)
    0x0000a0f0   0x00000014   Code   RO          573    i.tcp_init          TCP_CM3.lib(at_tcp.o)
    0x0000a104   0x00000074   Code   RO          575    i.tcp_listen        TCP_CM3.lib(at_tcp.o)
    0x0000a178   0x0000009c   Code   RO          576    i.tcp_map_socket    TCP_CM3.lib(at_tcp.o)
    0x0000a214   0x00000028   Code   RO          577    i.tcp_max_dsize     TCP_CM3.lib(at_tcp.o)
    0x0000a23c   0x00000214   Code   RO          578    i.tcp_poll_sockets  TCP_CM3.lib(at_tcp.o)
    0x0000a450   0x0000046e   Code   RO          579    i.tcp_process       TCP_CM3.lib(at_tcp.o)
    0x0000a8be   0x00000002   PAD
    0x0000a8c0   0x00000078   Code   RO          580    i.tcp_process_opt   TCP_CM3.lib(at_tcp.o)
    0x0000a938   0x00000110   Code   RO          584    i.tcp_send          TCP_CM3.lib(at_tcp.o)
    0x0000aa48   0x00000022   Code   RO          585    i.tcp_send_ctrl     TCP_CM3.lib(at_tcp.o)
    0x0000aa6a   0x00000002   PAD
    0x0000aa6c   0x00000108   Code   RO          586    i.tcp_send_frame    TCP_CM3.lib(at_tcp.o)
    0x0000ab74   0x00000080   Code   RO          587    i.tcp_send_reset    TCP_CM3.lib(at_tcp.o)
    0x0000abf4   0x00000012   Code   RO          588    i.tcp_set_retransmit  TCP_CM3.lib(at_tcp.o)
    0x0000ac06   0x00000002   PAD
    0x0000ac08   0x00000070   Code   RO          589    i.tcp_transit       TCP_CM3.lib(at_tcp.o)
    0x0000ac78   0x0000000c   Code   RO          799    i.timer_tick        TCP_CM3.lib(at_system.o)
    0x0000ac84   0x00000020   Code   RO          619    i.udp_get_buf       TCP_CM3.lib(at_udp.o)
    0x0000aca4   0x00000044   Code   RO          620    i.udp_get_socket    TCP_CM3.lib(at_udp.o)
    0x0000ace8   0x00000018   Code   RO          621    i.udp_init          TCP_CM3.lib(at_udp.o)
    0x0000ad00   0x00000068   Code   RO          624    i.udp_open          TCP_CM3.lib(at_udp.o)
    0x0000ad68   0x0000002c   Code   RO          625    i.udp_port_in_use   TCP_CM3.lib(at_udp.o)
    0x0000ad94   0x000000b8   Code   RO          626    i.udp_process       TCP_CM3.lib(at_udp.o)
    0x0000ae4c   0x0000011c   Code   RO          628    i.udp_send          TCP_CM3.lib(at_udp.o)
    0x0000af68   0x000000e0   Code   RO          676    i.utc_to_http       TCP_CM3.lib(at_http.o)
    0x0000b048   0x0000002c   Code   RO          999    locale$$code        c_w.l(lc_ctype_c.o)
    0x0000b074   0x0000a554   Data   RO          134    .constdata          web.o
    0x000155c8   0x00006648   Data   RO          143    .constdata          ring.o
    0x0001bc10   0x00000050   Data   RO          154    .constdata          net_config.o
    0x0001bc60   0x00000018   Data   RO          364    .constdata          adc.o
    0x0001bc78   0x00000006   Data   RO          520    .constdata          TCP_CM3.lib(at_arp.o)
    0x0001bc7e   0x00000008   Data   RO          545    .constdata          TCP_CM3.lib(at_ip.o)
    0x0001bc86   0x000000f4   Data   RO          677    .constdata          TCP_CM3.lib(at_http.o)
    0x0001bd7a   0x00000008   Data   RO          716    .constdata          TCP_CM3.lib(at_nbns.o)
    0x0001bd82   0x00000006   Data   RO          727    .constdata          TCP_CM3.lib(at_ethernet.o)
    0x0001bd88   0x00000056   Data   RO          805    .constdata          TCP_CM3.lib(http_err.o)
    0x0001bdde   0x00000051   Data   RO          806    .constdata          TCP_CM3.lib(http_err.o)
    0x0001be2f   0x0000004e   Data   RO          807    .constdata          TCP_CM3.lib(http_err.o)
    0x0001be7d   0x0000004b   Data   RO          808    .constdata          TCP_CM3.lib(http_err.o)
    0x0001bec8   0x0000002f   Data   RO          809    .constdata          TCP_CM3.lib(http_err.o)
    0x0001bef7   0x00000088   Data   RO          810    .constdata          TCP_CM3.lib(http_err.o)
    0x0001bf7f   0x00000001   PAD
    0x0001bf80   0x00000008   Data   RO          840    .constdata          c_w.l(_printf_wctomb.o)
    0x0001bf88   0x00000028   Data   RO          861    .constdata          c_w.l(_printf_hex_int_ptr.o)
    0x0001bfb0   0x00000011   Data   RO          887    .constdata          c_w.l(__printf_flags_ss_wp.o)
    0x0001bfc1   0x00000018   Data   RO          155    .conststring        net_config.o
    0x0001bfd9   0x00000003   PAD
    0x0001bfdc   0x00000020   Data   RO         1161    Region$$Table       anon$$obj.o
    0x0001bffc   0x00000110   Data   RO          998    locale$$data        c_w.l(lc_ctype_c.o)


    Execution Region RW_IRAM1 (Base: 0x10000000, Size: 0x000071a8, Max: 0x00008000, ABSOLUTE, COMPRESSED[0x00000068])

    Base Addr    Size         Type   Attr      Idx    E Section Name        Object

    0x10000000   0x00000064   Data   RW           17    .data               decoder.o
    0x10000064   0x00000004   Data   RW          144    .data               ring.o
    0x10000068   0x00000066   Data   RW          156    .data               net_config.o
    0x100000ce   0x00000002   PAD
    0x100000d0   0x00000004   Data   RW          181    .data               system_lpc17xx.o
    0x100000d4   0x00000005   Data   RW          212    .data               emac_lpc17xx.o
    0x100000d9   0x00000003   PAD
    0x100000dc   0x00000034   Data   RW          243    .data               timer.o
    0x10000110   0x00000004   Data   RW          289    .data               wdt.o
    0x10000114   0x00000010   Data   RW          365    .data               adc.o
    0x10000124   0x00000018   Data   RW          456    .data               dma.o
    0x1000013c   0x00000014   Data   RW          479    .data               i2s.o
    0x10000150   0x00000008   Data   RW          521    .data               TCP_CM3.lib(at_arp.o)
    0x10000158   0x0000000c   Data   RW          546    .data               TCP_CM3.lib(at_ip.o)
    0x10000164   0x00000004   Data   RW          590    .data               TCP_CM3.lib(at_tcp.o)
    0x10000168   0x00000002   Data   RW          629    .data               TCP_CM3.lib(at_udp.o)
    0x1000016a   0x00000002   PAD
    0x1000016c   0x0000000c   Data   RW          678    .data               TCP_CM3.lib(at_http.o)
    0x10000178   0x00000001   Data   RW          717    .data               TCP_CM3.lib(at_nbns.o)
    0x10000179   0x00000003   PAD
    0x1000017c   0x00000008   Data   RW          789    .data               TCP_CM3.lib(at_mem.o)
    0x10000184   0x0000156c   Zero   RW           16    .bss                decoder.o
    0x100016f0   0x00002568   Zero   RW          153    .bss                net_config.o
    0x10003c58   0x00002a64   Zero   RW          211    .bss                emac_lpc17xx.o
    0x100066bc   0x000001b0   Zero   RW          363    .bss                adc.o
    0x1000686c   0x00000200   Zero   RW          397    .bss                iap.o
    0x10006a6c   0x00000010   Zero   RW          558    .bss                TCP_CM3.lib(at_icmp.o)
    0x10006a7c   0x00000084   Zero   RW          726    .bss                TCP_CM3.lib(at_ethernet.o)
    0x10006b00   0x00000048   Zero   RW          800    .bss                TCP_CM3.lib(at_system.o)
    0x10006b48   0x00000060   Zero   RW          955    .bss                c_w.l(libspace.o)
    0x10006ba8   0x00000200   Zero   RW            2    HEAP                startup_lpc17xx.o
    0x10006da8   0x00000400   Zero   RW            1    STACK               startup_lpc17xx.o



  Load Region LR$$.ARM.__at_0x02FC (Base: 0x000002fc, Size: 0x00000004, Max: 0x00000004, ABSOLUTE)

    Execution Region ER$$.ARM.__at_0x02FC (Base: 0x000002fc, Size: 0x00000004, Max: 0x00000004, ABSOLUTE, UNINIT)

    Base Addr    Size         Type   Attr      Idx    E Section Name        Object

    0x000002fc   0x00000004   Code   RO            4    .ARM.__at_0x02FC    startup_lpc17xx.o


==============================================================================

Image component sizes


      Code (inc. data)   RO Data    RW Data    ZI Data      Debug   Object Name

       240         20         24         16        432       2585   adc.o
      4356        528          0        100       5484      59081   decoder.o
       696        120          0         24          0       2307   dma.o
      1564        148          0          5      10852      33865   emac_lpc17xx.o
      2484        224          0          0          0       1955   gpio.o
      2412        252          0          0          0      15959   http_cgi.o
       308         76          0         20          0       2035   i2s.o
       588         40          0          0        512      40299   iap.o
       112          8        104        102       9576       3010   net_config.o
         0          0      26184          4          0        612   ring.o
        60         26        204          0       1536        996   startup_lpc17xx.o
       544         64          0          4          0        919   system_lpc17xx.o
      2988        492          0         52          0      28662   timer.o
       904         48          0          0          0       1829   uart.o
        96         14          0          4          0      25034   wdt.o
         0          0      42324          0          0        641   web.o

    ----------------------------------------------------------------------
     17352       2060      68875        336      28392     219789   Object Totals
         0          0         32          0          0          0   (incl. Generated)
         0          0          3          5          0          0   (incl. Padding)

    ----------------------------------------------------------------------

      Code (inc. data)   RO Data    RW Data    ZI Data      Debug   Library Member Name

      1824        138          6          8          0       1040   at_arp.o
       488         58          6          0        132        404   at_ethernet.o
      5442       1174        244         12          0       2268   at_http.o
        18          0          0          0          0        340   at_http_uif.o
       404         30          0          0         16        308   at_icmp.o
       834         56          8         12          0        520   at_ip.o
       518          6          0          0          0       1292   at_lib.o
       492         36          0          8          0        452   at_mem.o
       392         26          8          1          0        180   at_nbns.o
       184         38          0          0         72        292   at_system.o
      3606        154          0          4          0       1780   at_tcp.o
       740         34          0          2          0        556   at_udp.o
         0          0        503          0          0          0   http_err.o
        60          8          0          0          0         84   __0sscanf.o
        44          6          0          0          0         84   __2sprintf.o
        90          0          0          0          0          0   __dczerorl2.o
         8          0          0          0          0         68   __main.o
       396          6         17          0          0         92   __printf_flags_ss_wp.o
        14          0          0          0          0         68   __printf_wp.o
        52          8          0          0          0          0   __scatter.o
        28          0          0          0          0          0   __scatter_zi.o
        28          0          0          0          0         68   _chval.o
         6          0          0          0          0          0   _printf_c.o
        44          0          0          0          0        108   _printf_char.o
        48          6          0          0          0         96   _printf_char_common.o
        42          0          0          0          0         68   _printf_charcount.o
         6          0          0          0          0          0   _printf_d.o
       120         18          0          0          0         92   _printf_dec.o
       128          4         40          0          0        144   _printf_hex_int_ptr.o
         6          0          0          0          0          0   _printf_i.o
       184          0          0          0          0         88   _printf_intcommon.o
        10          0          0          0          0          0   _printf_l.o
         6          0          0          0          0          0   _printf_lc.o
         6          0          0          0          0          0   _printf_n.o
         6          0          0          0          0          0   _printf_o.o
        88          8          0          0          0         88   _printf_oct_int.o
         6          0          0          0          0          0   _printf_p.o
        82          0          0          0          0        108   _printf_pad.o
         0          0          0          0          0          0   _printf_percent.o
         4          0          0          0          0          0   _printf_percent_end.o
         6          0          0          0          0          0   _printf_s.o
        82          0          0          0          0         80   _printf_str.o
        36          0          0          0          0         84   _printf_truncate.o
         6          0          0          0          0          0   _printf_u.o
        44          0          0          0          0        108   _printf_wchar.o
       188          6          8          0          0         92   _printf_wctomb.o
         6          0          0          0          0          0   _printf_x.o
       880          4          0          0          0        100   _scanf.o
       336          0          0          0          0         92   _scanf_int.o
        64          0          0          0          0         84   _sgetc.o
        10          0          0          0          0         68   _sputc.o
       158          0          0          0          0         92   _strtoul.o
        64          0          0          0          0         92   _wcrtomb.o
        16          0          0          0          0         68   aeabi_memset.o
        26          0          0          0          0         80   atoi.o
        12          0          0          0          0         72   exit.o
         6          0          0          0          0        152   heapauxi.o
         0          0          0          0          0          0   indicate_semi.o
        18          0          0          0          0         76   isspace.o
        44         10        272          0          0         76   lc_ctype_c.o
         2          0          0          0          0          0   libinit.o
        20          0          0          0          0          0   libinit2.o
         2          0          0          0          0          0   libshutdown.o
         2          0          0          0          0          0   libshutdown2.o
         8          4          0          0         96         68   libspace.o
        16          4          0          0          0         76   rt_ctype_table.o
         8          4          0          0          0         68   rt_errno_addr_intlibspace.o
         8          4          0          0          0         68   rt_locale_intlibspace.o
        68          0          0          0          0         68   rt_memclr.o
        78          0          0          0          0         80   rt_memclr_w.o
       138          0          0          0          0         68   rt_memcpy_v6.o
       100          0          0          0          0         80   rt_memcpy_w.o
         0          0          0          0          0          0   rtentry.o
        12          0          0          0          0          0   rtentry2.o
         6          0          0          0          0          0   rtentry4.o
         2          0          0          0          0          0   rtexit.o
        10          0          0          0          0          0   rtexit2.o
        44          8          0          0          0         84   scanf_char.o
        20          0          0          0          0         68   strchr.o
       128          0          0          0          0         68   strcmpv7m.o
        62          0          0          0          0         76   strlen.o
       112          0          0          0          0         88   strtol.o
        12          4          0          0          0         68   sys_exit.o
        74          0          0          0          0         80   sys_stackheap_outer.o
         2          0          0          0          0         68   use_no_semi.o

    ----------------------------------------------------------------------
     19428       1862       1113         52        316      13280   Library Totals
        38          0          1          5          0          0   (incl. Padding)

    ----------------------------------------------------------------------

      Code (inc. data)   RO Data    RW Data    ZI Data      Debug   Library Name

     14942       1750        775         47        220       9432   TCP_CM3.lib
      4448        112        337          0         96       3848   c_w.l

    ----------------------------------------------------------------------
     19428       1862       1113         52        316      13280   Library Totals

    ----------------------------------------------------------------------

==============================================================================


      Code (inc. data)   RO Data    RW Data    ZI Data      Debug   

     36780       3922      69988        388      28708     223865   Grand Totals
     36780       3922      69988        104      28708     223865   ELF Image Totals (compressed)
     36780       3922      69988        104          0          0   ROM Totals

==============================================================================

    Total RO  Size (Code + RO Data)               106768 ( 104.27kB)
    Total RW  Size (RW Data + ZI Data)             29096 (  28.41kB)
    Total ROM Size (Code + RO Data + RW Data)     106872 ( 104.37kB)

==============================================================================

